Archive member included because of file (symbol)

C:\Program Files (x86)\VEX Robotics\VEXcode Pro V5\sdk/vexv5\libv5rt.a(v5_startup.c.obj)
                              (vexStartup)
C:\Program Files (x86)\VEX Robotics\VEXcode Pro V5\sdk/vexv5\libv5rt.a(v5_util.c.obj)
                              C:\Program Files (x86)\VEX Robotics\VEXcode Pro V5\sdk/vexv5\libv5rt.a(v5_startup.c.obj) (vexStdlibVersionLinked)
C:\Program Files (x86)\VEX Robotics\VEXcode Pro V5\sdk/vexv5\libv5rt.a(v5_apijump.c.obj)
                              C:\Program Files (x86)\VEX Robotics\VEXcode Pro V5\sdk/vexv5\libv5rt.a(v5_startup.c.obj) (vexPrivateApiEnable)
C:\Program Files (x86)\VEX Robotics\VEXcode Pro V5\sdk/vexv5\libv5rt.a(v5_apiversions.c.obj)
                              C:\Program Files (x86)\VEX Robotics\VEXcode Pro V5\sdk/vexv5\libv5rt.a(v5_apijump.c.obj) (vexSystemVersion)
C:\Program Files (x86)\VEX Robotics\VEXcode Pro V5\sdk/vexv5\libv5rt.a(vex_global.cpp.obj)
                              build/src/dashboard.o (vex::mono12)
C:\Program Files (x86)\VEX Robotics\VEXcode Pro V5\sdk/vexv5\libv5rt.a(vex_motor.cpp.obj)
                              build/src/MysteryGang/RobotConfig.o (vex::motor::~motor())
C:\Program Files (x86)\VEX Robotics\VEXcode Pro V5\sdk/vexv5\libv5rt.a(vex_controller.cpp.obj)
                              build/src/MysteryGang/RobotConfig.o (vex::controller::~controller())
C:\Program Files (x86)\VEX Robotics\VEXcode Pro V5\sdk/vexv5\libv5rt.a(vex_task.cpp.obj)
                              build/src/MysteryGang/CommonPartMethods.o (vex::task::sleep(unsigned long))
C:\Program Files (x86)\VEX Robotics\VEXcode Pro V5\sdk/vexv5\libv5rt.a(vex_thread.cpp.obj)
                              build/src/main.o (vex::thread::thread(int (*)()))
C:\Program Files (x86)\VEX Robotics\VEXcode Pro V5\sdk/vexv5\libv5rt.a(vex_event.cpp.obj)
                              C:\Program Files (x86)\VEX Robotics\VEXcode Pro V5\sdk/vexv5\libv5rt.a(vex_controller.cpp.obj) (vex::event::init(unsigned long, unsigned long, void (*)()))
C:\Program Files (x86)\VEX Robotics\VEXcode Pro V5\sdk/vexv5\libv5rt.a(vex_mevent.cpp.obj)
                              C:\Program Files (x86)\VEX Robotics\VEXcode Pro V5\sdk/vexv5\libv5rt.a(vex_controller.cpp.obj) (vex::mevent::mevent(unsigned long, unsigned long))
C:\Program Files (x86)\VEX Robotics\VEXcode Pro V5\sdk/vexv5\libv5rt.a(vex_brain.cpp.obj)
                              build/src/MysteryGang/CurConfig.o (vex::brain::lcd::setCursor(long, long))
C:\Program Files (x86)\VEX Robotics\VEXcode Pro V5\sdk/vexv5\libv5rt.a(vex_competition.cpp.obj)
                              build/src/MysteryGang/RobotConfig.o (vex::competition::competition())
C:\Program Files (x86)\VEX Robotics\VEXcode Pro V5\sdk/vexv5\libv5rt.a(vex_triport.cpp.obj)
                              C:\Program Files (x86)\VEX Robotics\VEXcode Pro V5\sdk/vexv5\libv5rt.a(vex_brain.cpp.obj) (vex::triport::~triport())
C:\Program Files (x86)\VEX Robotics\VEXcode Pro V5\sdk/vexv5\libv5rt.a(vex_color.cpp.obj)
                              build/src/dashboard.o (vex::color::~color())
C:\Program Files (x86)\VEX Robotics\VEXcode Pro V5\sdk/vexv5\libv5rt.a(vex_timer.cpp.obj)
                              build/src/ai_jetson.o (vex::timer::~timer())
C:\Program Files (x86)\VEX Robotics\VEXcode Pro V5\sdk/vexv5\libv5rt.a(v5_apiuser.c.obj)
                              C:\Program Files (x86)\VEX Robotics\VEXcode Pro V5\sdk/vexv5\libv5rt.a(vex_triport.cpp.obj) (vexAdiPortConfigSet)
C:\Program Files (x86)\VEX Robotics\VEXcode Pro V5\sdk/vexv5\libv5rt.a(vex_device.cpp.obj)
                              C:\Program Files (x86)\VEX Robotics\VEXcode Pro V5\sdk/vexv5\libv5rt.a(vex_motor.cpp.obj) (vex::device::~device())
C:\Program Files (x86)\VEX Robotics\VEXcode Pro V5\sdk/vexv5/gcc/libs\libc.a(lib_a-aeabi_memclr.o)
                              build/src/ai_jetson.o (__aeabi_memclr4)
C:\Program Files (x86)\VEX Robotics\VEXcode Pro V5\sdk/vexv5/gcc/libs\libc.a(lib_a-aeabi_memcpy.o)
                              build/src/ai_jetson.o (__aeabi_memcpy)
C:\Program Files (x86)\VEX Robotics\VEXcode Pro V5\sdk/vexv5/gcc/libs\libc.a(lib_a-aeabi_memset-soft.o)
                              C:\Program Files (x86)\VEX Robotics\VEXcode Pro V5\sdk/vexv5/gcc/libs\libc.a(lib_a-aeabi_memclr.o) (__aeabi_memset)
C:\Program Files (x86)\VEX Robotics\VEXcode Pro V5\sdk/vexv5/gcc/libs\libc.a(lib_a-fini.o)
                              C:\Program Files (x86)\VEX Robotics\VEXcode Pro V5\sdk/vexv5\libv5rt.a(v5_startup.c.obj) (__libc_fini_array)
C:\Program Files (x86)\VEX Robotics\VEXcode Pro V5\sdk/vexv5/gcc/libs\libc.a(lib_a-impure.o)
                              build/src/ai_jetson.o (_impure_ptr)
C:\Program Files (x86)\VEX Robotics\VEXcode Pro V5\sdk/vexv5/gcc/libs\libc.a(lib_a-init.o)
                              C:\Program Files (x86)\VEX Robotics\VEXcode Pro V5\sdk/vexv5\libv5rt.a(v5_startup.c.obj) (__libc_init_array)
[...]
Memory Configuration

Name             Origin             Length             Attributes
ps7_ddr_0_S_AXI_BASEADDR 0x03800000         0x04800000
*default*        0x00000000         0xffffffff

Linker script and memory map

                0x00002000                _STACK_SIZE = DEFINED (_STACK_SIZE)?_STACK_SIZE:0x2000
                0x00100000                _HEAP_SIZE = DEFINED (_HEAP_SIZE)?_HEAP_SIZE:0x100000
                0x00000400                _ABORT_STACK_SIZE = DEFINED (_ABORT_STACK_SIZE)?_ABORT_STACK_SIZE:0x400
                0x00000800                _SUPERVISOR_STACK_SIZE = DEFINED (_SUPERVISOR_STACK_SIZE)?_SUPERVISOR_STACK_SIZE:0x800
                0x00000400                _IRQ_STACK_SIZE = DEFINED (_IRQ_STACK_SIZE)?_IRQ_STACK_SIZE:0x400
                0x00000400                _FIQ_STACK_SIZE = DEFINED (_FIQ_STACK_SIZE)?_FIQ_STACK_SIZE:0x400
                0x00000400                _UNDEF_STACK_SIZE = DEFINED (_UNDEF_STACK_SIZE)?_UNDEF_STACK_SIZE:0x400

.text           0x03800000     0x4158
 *(.vectors)
 *(.boot_data)
 .boot_data     0x03800000       0x20 C:\Program Files (x86)\VEX Robotics\VEXcode Pro V5\sdk/vexv5\libv5rt.a(v5_startup.c.obj)
                0x03800000                vexCodeSig
                0x00000020                . = 0x20
 *(.boot)
 .boot          0x03800020       0xbc C:\Program Files (x86)\VEX Robotics\VEXcode Pro V5\sdk/vexv5\libv5rt.a(v5_startup.c.obj)
                0x03800020                vexStartup
                0x03800100                . = ALIGN (0x40)
 *fill*         0x038000dc       0x24 
 *(.freertos_vectors)
 *(.text)
 .text          0x03800100       0x9a C:\Program Files (x86)\VEX Robotics\VEXcode Pro V5\sdk/vexv5/gcc/libs\libc.a(lib_a-aeabi_memset-soft.o)
                0x03800100                __aeabi_memset8
                0x03800100                __aeabi_memset
                0x03800100                __aeabi_memset4
 *(.text.*)
 *fill*         0x0380019a        0x6 
 .text._Z10getBoxDataPbPiS0_S0_PfS1_S1_
                0x038001a0      0x120 build/src/JetsonData.o
                0x038001a0                getBoxData(bool*, int*, int*, int*, float*, float*, float*)
 .text.main     0x038002c0       0x54 build/src/main.o
                0x038002c0                main
 .text._GLOBAL__sub_I_main.cpp
                0x03800314       0x34 build/src/main.o
 .text._Z16setJetsonDisplayi
                0x03800348       0x10 build/src/dashboard.o
                0x03800348                setJetsonDisplay(int)
 .text._Z13dashboardTaskv
                0x03800358      0x760 build/src/dashboard.o
                0x03800358                dashboardTask()
 .text._Z11vexcodeInitv
                0x03800ab8        0x4 build/src/robot-config.o
                0x03800ab8                vexcodeInit()
 .text._GLOBAL__sub_I_robot_config.cpp
                0x03800abc       0x88 build/src/robot-config.o
 .text._ZN2ai6jetsonC2Ev
                0x03800b44       0x60 build/src/ai_jetson.o
                0x03800b44                ai::jetson::jetson()
                0x03800b44                ai::jetson::jetson()
 .text._ZN2ai6jetson12receive_taskEPv
                0x03800ba4       0xd0 build/src/ai_jetson.o
                0x03800ba4                ai::jetson::receive_task(void*)
 .text._ZN2ai6jetsonD2Ev
                0x03800c74       0x28 build/src/ai_jetson.o
                0x03800c74                ai::jetson::~jetson()
                0x03800c74                ai::jetson::~jetson()
 .text._ZN2ai6jetson11get_packetsEv
                0x03800c9c        0x8 build/src/ai_jetson.o
                0x03800c9c                ai::jetson::get_packets()
 .text._ZN2ai6jetson12getCalcCrc32Ev
                0x03800ca4       0x10 build/src/ai_jetson.o
                0x03800ca4                ai::jetson::getCalcCrc32()
 .text._ZN2ai6jetson15getPayloadCrc32Ev
                0x03800cb4       0x10 build/src/ai_jetson.o
                0x03800cb4                ai::jetson::getPayloadCrc32()
 .text._ZN2ai6jetson10get_errorsEv
                0x03800cc4        0x8 build/src/ai_jetson.o
                0x03800cc4                ai::jetson::get_errors()
 .text._ZN2ai6jetson12get_timeoutsEv
                0x03800ccc        0x8 build/src/ai_jetson.o
                0x03800ccc                ai::jetson::get_timeouts()
 .text._ZN2ai6jetson9get_totalEv
                0x03800cd4        0x8 build/src/ai_jetson.o
                0x03800cd4                ai::jetson::get_total()
 .text._ZN2ai6jetson8get_dataEP10MAP_RECORD
                0x03800cdc       0x5c build/src/ai_jetson.o
                0x03800cdc                ai::jetson::get_data(MAP_RECORD*)
 .text._ZN2ai6jetson5parseEh
                0x03800d38      0x344 build/src/ai_jetson.o
                0x03800d38                ai::jetson::parse(unsigned char)
 .text._ZN2ai6jetson11request_mapEv
                0x0380107c       0x88 build/src/ai_jetson.o
                0x0380107c                ai::jetson::request_map()
 .text._ZN3Cpm10stopWheelsEv
                0x03801104       0x3c build/src/MysteryGang/CommonPartMethods.o
                0x03801104                Cpm::stopWheels()
 .text._ZN3Cpm13stopAllMotorsEv
                0x03801140       0x14 build/src/MysteryGang/CommonPartMethods.o
                0x03801140                Cpm::stopAllMotors()
 .text._ZN3Cpm14stopAllIntakesEv
                0x03801154       0x3c build/src/MysteryGang/CommonPartMethods.o
                0x03801154                Cpm::stopAllIntakes()
 .text._ZN3Cpm16moveRobotForwardEj
                0x03801190       0xb0 build/src/MysteryGang/CommonPartMethods.o
                0x03801190                Cpm::moveRobotForward(unsigned int)
 .text._ZN3Cpm13turnRobotLeftEj
                0x03801240       0xc0 build/src/MysteryGang/CommonPartMethods.o
                0x03801240                Cpm::turnRobotLeft(unsigned int)
 .text._ZN3Cpm18startBottomIntakesEv
                0x03801300       0x60 build/src/MysteryGang/CommonPartMethods.o
                0x03801300                Cpm::startBottomIntakes()
 .text._ZN3Cpm17startMiddleIntakeEv
                0x03801360       0x40 build/src/MysteryGang/CommonPartMethods.o
                0x03801360                Cpm::startMiddleIntake()
 .text._ZN3Cpm21wasLimitSwitchPressedEv
                0x038013a0       0x10 build/src/MysteryGang/CommonPartMethods.o
                0x038013a0                Cpm::wasLimitSwitchPressed()
 .text._ZN3Cpm21setLimitSwitchPressedEv
                0x038013b0       0x14 build/src/MysteryGang/CommonPartMethods.o
                0x038013b0                Cpm::setLimitSwitchPressed()
 .text._ZN3Cpm22wasBumperSwitchPressedEv
                0x038013c4       0x10 build/src/MysteryGang/CommonPartMethods.o
                0x038013c4                Cpm::wasBumperSwitchPressed()
 .text._ZN3Cpm22setBumperSwitchPressedEv
                0x038013d4       0x14 build/src/MysteryGang/CommonPartMethods.o
                0x038013d4                Cpm::setBumperSwitchPressed()
 .text._ZN3Cpm11coastWheelsEv
                0x038013e8       0x4c build/src/MysteryGang/CommonPartMethods.o
                0x038013e8                Cpm::coastWheels()
 .text._ZN15InteractiveMode12getBuildDateEv
                0x03801434        0xc build/src/MysteryGang/InteractiveMode.o
                0x03801434                InteractiveMode::getBuildDate()
 .text._ZN15InteractiveMode12getBuildTimeEv
                0x03801440        0xc build/src/MysteryGang/InteractiveMode.o
                0x03801440                InteractiveMode::getBuildTime()
 .text._ZN15InteractiveMode10getVersionEv
                0x0380144c        0xc build/src/MysteryGang/InteractiveMode.o
                0x0380144c                InteractiveMode::getVersion()
 .text._ZN13IsolationMode9enterMainEv
                0x03801458       0x28 build/src/MysteryGang/IsolationMode.o
                0x03801458                IsolationMode::enterMain()
 .text._ZN13IsolationMode11controlTaskEv
                0x03801480      0x15c build/src/MysteryGang/IsolationMode.o
                0x03801480                IsolationMode::controlTask()
 .text._ZN13IsolationMode12getBuildDateEv
                0x038015dc        0xc build/src/MysteryGang/IsolationMode.o
                0x038015dc                IsolationMode::getBuildDate()
 .text._ZN13IsolationMode12getBuildTimeEv
                0x038015e8        0xc build/src/MysteryGang/IsolationMode.o
                0x038015e8                IsolationMode::getBuildTime()
 .text._ZN13IsolationMode10getVersionEv
                0x038015f4        0xc build/src/MysteryGang/IsolationMode.o
                0x038015f4                IsolationMode::getVersion()
 .text._ZN13IsolationMode14setWheelSpeedsEv
                0x03801600      0x1f4 build/src/MysteryGang/IsolationMode.o
                0x03801600                IsolationMode::setWheelSpeeds()
 .text._ZN9CurConfig18displayConfigBrainEv
                0x038017f4       0xe8 build/src/MysteryGang/CurConfig.o
                0x038017f4                CurConfig::displayConfigBrain()
 .text._ZN9CurConfig10initializeEv
                0x038018dc        0x4 build/src/MysteryGang/CurConfig.o
                0x038018dc                CurConfig::initialize()
 .text._GLOBAL__sub_I_RobotConfig.cpp
                0x038018e0      0x2b4 build/src/MysteryGang/RobotConfig.o
 .text.vexMain  0x03801b94       0xb0 C:\Program Files (x86)\VEX Robotics\VEXcode Pro V5\sdk/vexv5\libv5rt.a(v5_startup.c.obj)
                0x03801b94                vexMain
 .text.__vex_function_prolog
                0x03801c44       0x18 C:\Program Files (x86)\VEX Robotics\VEXcode Pro V5\sdk/vexv5\libv5rt.a(v5_startup.c.obj)
                0x03801c44                __vex_function_prolog
 .text._init    0x03801c5c        0x4 C:\Program Files (x86)\VEX Robotics\VEXcode Pro V5\sdk/vexv5\libv5rt.a(v5_startup.c.obj)
                0x03801c5c                _init
 .text._fini    0x03801c60        0x4 C:\Program Files (x86)\VEX Robotics\VEXcode Pro V5\sdk/vexv5\libv5rt.a(v5_startup.c.obj)
                0x03801c60                _fini
 .text.vexStdlibVersionLinked
                0x03801c64        0xc C:\Program Files (x86)\VEX Robotics\VEXcode Pro V5\sdk/vexv5\libv5rt.a(v5_util.c.obj)
                0x03801c64                vexStdlibVersionLinked
 .text.vexStdlibVersionVerify
                0x03801c70       0x30 C:\Program Files (x86)\VEX Robotics\VEXcode Pro V5\sdk/vexv5\libv5rt.a(v5_util.c.obj)
                0x03801c70                vexStdlibVersionVerify
 .text.vexPrivateApiEnable
                0x03801ca0       0x10 C:\Program Files (x86)\VEX Robotics\VEXcode Pro V5\sdk/vexv5\libv5rt.a(v5_apijump.c.obj)
                0x03801ca0                vexPrivateApiEnable
 .text.vexStdlibMismatchError
                0x03801cb0       0x3c C:\Program Files (x86)\VEX Robotics\VEXcode Pro V5\sdk/vexv5\libv5rt.a(v5_apijump.c.obj)
                0x03801cb0                vexStdlibMismatchError
 .text.vexTaskAdd
                0x03801cec       0x10 C:\Program Files (x86)\VEX Robotics\VEXcode Pro V5\sdk/vexv5\libv5rt.a(v5_apijump.c.obj)
                0x03801cec                vexTaskAdd
 .text.vexTasksRun
                0x03801cfc       0x10 C:\Program Files (x86)\VEX Robotics\VEXcode Pro V5\sdk/vexv5\libv5rt.a(v5_apijump.c.obj)
                0x03801cfc                vexTasksRun
 .text.vexTaskYield
                0x03801d0c       0x10 C:\Program Files (x86)\VEX Robotics\VEXcode Pro V5\sdk/vexv5\libv5rt.a(v5_apijump.c.obj)
                0x03801d0c                vexTaskYield
 .text.vexTaskCheckTimeslice
                0x03801d1c       0x10 C:\Program Files (x86)\VEX Robotics\VEXcode Pro V5\sdk/vexv5\libv5rt.a(v5_apijump.c.obj)
                0x03801d1c                vexTaskCheckTimeslice
 .text.vexTaskSleep
                0x03801d2c       0x10 C:\Program Files (x86)\VEX Robotics\VEXcode Pro V5\sdk/vexv5\libv5rt.a(v5_apijump.c.obj)
                0x03801d2c                vexTaskSleep
 .text.vexSemaphoreInit
                0x03801d3c       0x24 C:\Program Files (x86)\VEX Robotics\VEXcode Pro V5\sdk/vexv5\libv5rt.a(v5_apijump.c.obj)
                0x03801d3c                vexSemaphoreInit
 .text.vexSemaphoreLock
                0x03801d60       0x2c C:\Program Files (x86)\VEX Robotics\VEXcode Pro V5\sdk/vexv5\libv5rt.a(v5_apijump.c.obj)
                0x03801d60                vexSemaphoreLock
 .text.vexSemaphoreUnlock
                0x03801d8c       0x24 C:\Program Files (x86)\VEX Robotics\VEXcode Pro V5\sdk/vexv5\libv5rt.a(v5_apijump.c.obj)
                0x03801d8c                vexSemaphoreUnlock
 .text.vexTasksDump
                0x03801db0       0x1c C:\Program Files (x86)\VEX Robotics\VEXcode Pro V5\sdk/vexv5\libv5rt.a(v5_apijump.c.obj)
                0x03801db0                vexTasksDump
 .text.vexTaskGetTaskIndex
                0x03801dcc       0x10 C:\Program Files (x86)\VEX Robotics\VEXcode Pro V5\sdk/vexv5\libv5rt.a(v5_apijump.c.obj)
                0x03801dcc                vexTaskGetTaskIndex
 .text.vexTaskStopAll
                0x03801ddc       0x10 C:\Program Files (x86)\VEX Robotics\VEXcode Pro V5\sdk/vexv5\libv5rt.a(v5_apijump.c.obj)
                0x03801ddc                vexTaskStopAll
 .text.vexTaskRemoveAllUser
                0x03801dec       0x34 C:\Program Files (x86)\VEX Robotics\VEXcode Pro V5\sdk/vexv5\libv5rt.a(v5_apijump.c.obj)
                0x03801dec                vexTaskRemoveAllUser
 .text.vexTaskCompletionIdSet
                0x03801e20       0x10 C:\Program Files (x86)\VEX Robotics\VEXcode Pro V5\sdk/vexv5\libv5rt.a(v5_apijump.c.obj)
                0x03801e20                vexTaskCompletionIdSet
 .text.vexTaskAddWithArg
                0x03801e30       0x10 C:\Program Files (x86)\VEX Robotics\VEXcode Pro V5\sdk/vexv5\libv5rt.a(v5_apijump.c.obj)
                0x03801e30                vexTaskAddWithArg
 .text.vexTaskStopWithId
                0x03801e40       0x10 C:\Program Files (x86)\VEX Robotics\VEXcode Pro V5\sdk/vexv5\libv5rt.a(v5_apijump.c.obj)
                0x03801e40                vexTaskStopWithId
 .text.vexTaskPrioritySetWithId
                0x03801e50       0x10 C:\Program Files (x86)\VEX Robotics\VEXcode Pro V5\sdk/vexv5\libv5rt.a(v5_apijump.c.obj)
                0x03801e50                vexTaskPrioritySetWithId
 .text.vexEventAdd
                0x03801e60       0x34 C:\Program Files (x86)\VEX Robotics\VEXcode Pro V5\sdk/vexv5\libv5rt.a(v5_apijump.c.obj)
                0x03801e60                vexEventAdd
 .text.vexEventUserIndexGet
                0x03801e94       0x1c C:\Program Files (x86)\VEX Robotics\VEXcode Pro V5\sdk/vexv5\libv5rt.a(v5_apijump.c.obj)
                0x03801e94                vexEventUserIndexGet
 .text.vexEventAddWithArg
                0x03801eb0       0x3c C:\Program Files (x86)\VEX Robotics\VEXcode Pro V5\sdk/vexv5\libv5rt.a(v5_apijump.c.obj)
                0x03801eb0                vexEventAddWithArg
 .text.vexEventsCleanup
                0x03801eec       0x2c C:\Program Files (x86)\VEX Robotics\VEXcode Pro V5\sdk/vexv5\libv5rt.a(v5_apijump.c.obj)
                0x03801eec                vexEventsCleanup
 .text.vexDebug
                0x03801f18       0x38 C:\Program Files (x86)\VEX Robotics\VEXcode Pro V5\sdk/vexv5\libv5rt.a(v5_apijump.c.obj)
                0x03801f18                vexDebug
 .text.vex_sprintf
                0x03801f50       0x40 C:\Program Files (x86)\VEX Robotics\VEXcode Pro V5\sdk/vexv5\libv5rt.a(v5_apijump.c.obj)
                0x03801f50                vex_sprintf
 .text.vex_vsnprintf
                0x03801f90       0x3c C:\Program Files (x86)\VEX Robotics\VEXcode Pro V5\sdk/vexv5\libv5rt.a(v5_apijump.c.obj)
                0x03801f90                vex_vsnprintf
 .text.vexSystemTimeGet
                0x03801fcc       0x1c C:\Program Files (x86)\VEX Robotics\VEXcode Pro V5\sdk/vexv5\libv5rt.a(v5_apijump.c.obj)
                0x03801fcc                vexSystemTimeGet
 .text.vexSystemExitRequest
                0x03801fe8       0x1c C:\Program Files (x86)\VEX Robotics\VEXcode Pro V5\sdk/vexv5\libv5rt.a(v5_apijump.c.obj)
                0x03801fe8                vexSystemExitRequest
 .text.vexDeviceGetByIndex
                0x03802004       0x24 C:\Program Files (x86)\VEX Robotics\VEXcode Pro V5\sdk/vexv5\libv5rt.a(v5_apijump.c.obj)
                0x03802004                vexDeviceGetByIndex
 .text.vexDeviceAdiPortConfigSet
                0x03802028       0x34 C:\Program Files (x86)\VEX Robotics\VEXcode Pro V5\sdk/vexv5\libv5rt.a(v5_apijump.c.obj)
                0x03802028                vexDeviceAdiPortConfigSet
 .text.vexDeviceAdiPortConfigGet
                0x0380205c       0x2c C:\Program Files (x86)\VEX Robotics\VEXcode Pro V5\sdk/vexv5\libv5rt.a(v5_apijump.c.obj)
                0x0380205c                vexDeviceAdiPortConfigGet
 .text.vexDeviceMotorVelocitySet
                0x03802088       0x2c C:\Program Files (x86)\VEX Robotics\VEXcode Pro V5\sdk/vexv5\libv5rt.a(v5_apijump.c.obj)
                0x03802088                vexDeviceMotorVelocitySet
 .text.vexDeviceMotorActualVelocityGet
                0x038020b4       0x24 C:\Program Files (x86)\VEX Robotics\VEXcode Pro V5\sdk/vexv5\libv5rt.a(v5_apijump.c.obj)
                0x038020b4                vexDeviceMotorActualVelocityGet
 .text.vexDeviceMotorReverseFlagSet
                0x038020d8       0x2c C:\Program Files (x86)\VEX Robotics\VEXcode Pro V5\sdk/vexv5\libv5rt.a(v5_apijump.c.obj)
                0x038020d8                vexDeviceMotorReverseFlagSet
 .text.vexDeviceMotorBrakeModeSet
                0x03802104       0x2c C:\Program Files (x86)\VEX Robotics\VEXcode Pro V5\sdk/vexv5\libv5rt.a(v5_apijump.c.obj)
                0x03802104                vexDeviceMotorBrakeModeSet
 .text.vexDeviceMotorPositionSet
                0x03802130       0x34 C:\Program Files (x86)\VEX Robotics\VEXcode Pro V5\sdk/vexv5\libv5rt.a(v5_apijump.c.obj)
                0x03802130                vexDeviceMotorPositionSet
 .text.vexDeviceMotorGearingSet
                0x03802164       0x2c C:\Program Files (x86)\VEX Robotics\VEXcode Pro V5\sdk/vexv5\libv5rt.a(v5_apijump.c.obj)
                0x03802164                vexDeviceMotorGearingSet
 .text.vexDeviceMotorGearingGet
                0x03802190       0x24 C:\Program Files (x86)\VEX Robotics\VEXcode Pro V5\sdk/vexv5\libv5rt.a(v5_apijump.c.obj)
                0x03802190                vexDeviceMotorGearingGet
 .text.vexDisplayForegroundColor
                0x038021b4       0x24 C:\Program Files (x86)\VEX Robotics\VEXcode Pro V5\sdk/vexv5\libv5rt.a(v5_apijump.c.obj)
                0x038021b4                vexDisplayForegroundColor
 .text.vexDisplayBackgroundColor
                0x038021d8       0x24 C:\Program Files (x86)\VEX Robotics\VEXcode Pro V5\sdk/vexv5\libv5rt.a(v5_apijump.c.obj)
                0x038021d8                vexDisplayBackgroundColor
 .text.vexDisplayBackgroundColorGet
                0x038021fc       0x1c C:\Program Files (x86)\VEX Robotics\VEXcode Pro V5\sdk/vexv5\libv5rt.a(v5_apijump.c.obj)
                0x038021fc                vexDisplayBackgroundColorGet
 .text.vexDisplayRectDraw
                0x03802218       0x4c C:\Program Files (x86)\VEX Robotics\VEXcode Pro V5\sdk/vexv5\libv5rt.a(v5_apijump.c.obj)
                0x03802218                vexDisplayRectDraw
 .text.vexDisplayRectClear
                0x03802264       0x4c C:\Program Files (x86)\VEX Robotics\VEXcode Pro V5\sdk/vexv5\libv5rt.a(v5_apijump.c.obj)
                0x03802264                vexDisplayRectClear
 .text.vexDisplayVPrintf
                0x038022b0       0x50 C:\Program Files (x86)\VEX Robotics\VEXcode Pro V5\sdk/vexv5\libv5rt.a(v5_apijump.c.obj)
                0x038022b0                vexDisplayVPrintf
 .text.vexDisplayTextReference
                0x03802300       0x24 C:\Program Files (x86)\VEX Robotics\VEXcode Pro V5\sdk/vexv5\libv5rt.a(v5_apijump.c.obj)
                0x03802300                vexDisplayTextReference
 .text.vexDisplayTextSize
                0x03802324       0x2c C:\Program Files (x86)\VEX Robotics\VEXcode Pro V5\sdk/vexv5\libv5rt.a(v5_apijump.c.obj)
                0x03802324                vexDisplayTextSize
 .text.vexDisplayFontNamedSet
                0x03802350       0x24 C:\Program Files (x86)\VEX Robotics\VEXcode Pro V5\sdk/vexv5\libv5rt.a(v5_apijump.c.obj)
                0x03802350                vexDisplayFontNamedSet
 .text.vexDisplayStringWidthGet
                0x03802374       0x24 C:\Program Files (x86)\VEX Robotics\VEXcode Pro V5\sdk/vexv5\libv5rt.a(v5_apijump.c.obj)
                0x03802374                vexDisplayStringWidthGet
 .text.vexDisplayPenSizeGet
                0x03802398       0x1c C:\Program Files (x86)\VEX Robotics\VEXcode Pro V5\sdk/vexv5\libv5rt.a(v5_apijump.c.obj)
                0x03802398                vexDisplayPenSizeGet
 .text.vexSystemStdlibImpureDataAddr
                0x038023b4       0x28 C:\Program Files (x86)\VEX Robotics\VEXcode Pro V5\sdk/vexv5\libv5rt.a(v5_apijump.c.obj)
                0x038023b4                vexSystemStdlibImpureDataAddr
 .text.vexSystemStdlibImpureDataSize
                0x038023dc       0x28 C:\Program Files (x86)\VEX Robotics\VEXcode Pro V5\sdk/vexv5\libv5rt.a(v5_apijump.c.obj)
                0x038023dc                vexSystemStdlibImpureDataSize
 .text.vexSystemSaveUserData
                0x03802404       0x3c C:\Program Files (x86)\VEX Robotics\VEXcode Pro V5\sdk/vexv5\libv5rt.a(v5_apijump.c.obj)
                0x03802404                vexSystemSaveUserData
 .text.vexDisplayClipRegionSet
                0x03802440       0x4c C:\Program Files (x86)\VEX Robotics\VEXcode Pro V5\sdk/vexv5\libv5rt.a(v5_apijump.c.obj)
                0x03802440                vexDisplayClipRegionSet
 .text.vexDisplayThemeIdGet
                0x0380248c       0x38 C:\Program Files (x86)\VEX Robotics\VEXcode Pro V5\sdk/vexv5\libv5rt.a(v5_apijump.c.obj)
                0x0380248c                vexDisplayThemeIdGet
 .text.vexDisplayRender
                0x038024c4       0x2c C:\Program Files (x86)\VEX Robotics\VEXcode Pro V5\sdk/vexv5\libv5rt.a(v5_apijump.c.obj)
                0x038024c4                vexDisplayRender
 .text.vexDeviceEventMaskSet
                0x038024f0       0x48 C:\Program Files (x86)\VEX Robotics\VEXcode Pro V5\sdk/vexv5\libv5rt.a(v5_apijump.c.obj)
                0x038024f0                vexDeviceEventMaskSet
 .text.vexDeviceEventMaskGet
                0x03802538       0x3c C:\Program Files (x86)\VEX Robotics\VEXcode Pro V5\sdk/vexv5\libv5rt.a(v5_apijump.c.obj)
                0x03802538                vexDeviceEventMaskGet
 .text.vexSystemVersion
                0x03802574       0x10 C:\Program Files (x86)\VEX Robotics\VEXcode Pro V5\sdk/vexv5\libv5rt.a(v5_apiversions.c.obj)
                0x03802574                vexSystemVersion
 .text.vexStdlibVersion
                0x03802584       0x10 C:\Program Files (x86)\VEX Robotics\VEXcode Pro V5\sdk/vexv5\libv5rt.a(v5_apiversions.c.obj)
                0x03802584                vexStdlibVersion
 .text._ZN3vex5motorD2Ev
                0x03802594       0x20 C:\Program Files (x86)\VEX Robotics\VEXcode Pro V5\sdk/vexv5\libv5rt.a(vex_motor.cpp.obj)
                0x03802594                vex::motor::~motor()
                0x03802594                vex::motor::~motor()
 .text._ZN3vex5motorD0Ev
                0x038025b4       0x1c C:\Program Files (x86)\VEX Robotics\VEXcode Pro V5\sdk/vexv5\libv5rt.a(vex_motor.cpp.obj)
                0x038025b4                vex::motor::~motor()
 .text._ZN3vex5motor9installedEv
                0x038025d0       0x18 C:\Program Files (x86)\VEX Robotics\VEXcode Pro V5\sdk/vexv5\libv5rt.a(vex_motor.cpp.obj)
                0x038025d0                vex::motor::installed()
 .text._ZN3vex5motor15defaultStoppingENS_9brakeTypeE
                0x038025e8       0x30 C:\Program Files (x86)\VEX Robotics\VEXcode Pro V5\sdk/vexv5\libv5rt.a(vex_motor.cpp.obj)
                0x038025e8                vex::motor::defaultStopping(vex::brakeType)
 .text._ZN3vex5motor11setStoppingENS_9brakeTypeE
                0x03802618        0x4 C:\Program Files (x86)\VEX Robotics\VEXcode Pro V5\sdk/vexv5\libv5rt.a(vex_motor.cpp.obj)
                0x03802618                vex::motor::setStopping(vex::brakeType)
 .text._ZN3vex5motorC2El
                0x0380261c       0x78 C:\Program Files (x86)\VEX Robotics\VEXcode Pro V5\sdk/vexv5\libv5rt.a(vex_motor.cpp.obj)
                0x0380261c                vex::motor::motor(long)
                0x0380261c                vex::motor::motor(long)
 .text._ZN3vex5motorC2ElNS_11gearSettingEb
                0x03802694       0x34 C:\Program Files (x86)\VEX Robotics\VEXcode Pro V5\sdk/vexv5\libv5rt.a(vex_motor.cpp.obj)
                0x03802694                vex::motor::motor(long, vex::gearSetting, bool)
                0x03802694                vex::motor::motor(long, vex::gearSetting, bool)
 .text._ZN3vex5motor4stopENS_9brakeTypeE
                0x038026c8       0x30 C:\Program Files (x86)\VEX Robotics\VEXcode Pro V5\sdk/vexv5\libv5rt.a(vex_motor.cpp.obj)
                0x038026c8                vex::motor::stop(vex::brakeType)
 .text._ZN3vex5motor4stopEv
                0x038026f8        0x8 C:\Program Files (x86)\VEX Robotics\VEXcode Pro V5\sdk/vexv5\libv5rt.a(vex_motor.cpp.obj)
                0x038026f8                vex::motor::stop()
 .text._ZN3vex5motor16velocityToScaledEdNS_13velocityUnitsE
                0x03802700       0x5c C:\Program Files (x86)\VEX Robotics\VEXcode Pro V5\sdk/vexv5\libv5rt.a(vex_motor.cpp.obj)
                0x03802700                vex::motor::velocityToScaled(double, vex::velocityUnits)
 .text._ZN3vex5motor8velocityENS_13velocityUnitsE
                0x0380275c       0x30 C:\Program Files (x86)\VEX Robotics\VEXcode Pro V5\sdk/vexv5\libv5rt.a(vex_motor.cpp.obj)
                0x0380275c                vex::motor::velocity(vex::velocityUnits)
 .text._ZN3vex5motor5valueEv
                0x0380278c       0x1c C:\Program Files (x86)\VEX Robotics\VEXcode Pro V5\sdk/vexv5\libv5rt.a(vex_motor.cpp.obj)
                0x0380278c                vex::motor::value()
 .text._ZN3vex5motor16scaledToVelocityEdNS_13velocityUnitsE
                0x038027a8       0xa4 C:\Program Files (x86)\VEX Robotics\VEXcode Pro V5\sdk/vexv5\libv5rt.a(vex_motor.cpp.obj)
                0x038027a8                vex::motor::scaledToVelocity(double, vex::velocityUnits)
 .text._ZN3vex5motor4spinENS_13directionTypeEdNS_13velocityUnitsE
                0x0380284c       0x5c C:\Program Files (x86)\VEX Robotics\VEXcode Pro V5\sdk/vexv5\libv5rt.a(vex_motor.cpp.obj)
                0x0380284c                vex::motor::spin(vex::directionType, double, vex::velocityUnits)
 .text._ZN3vex10controllerD2Ev
                0x038028a8        0x4 C:\Program Files (x86)\VEX Robotics\VEXcode Pro V5\sdk/vexv5\libv5rt.a(vex_controller.cpp.obj)
                0x038028a8                vex::controller::~controller()
                0x038028a8                vex::controller::~controller()
 .text._ZN3vex10controller6button21_buttonToPressedEventEv
                0x038028ac       0x20 C:\Program Files (x86)\VEX Robotics\VEXcode Pro V5\sdk/vexv5\libv5rt.a(vex_controller.cpp.obj)
                0x038028ac                vex::controller::button::_buttonToPressedEvent()
 .text._ZN3vex10controller6button22_buttonToReleasedEventEv
                0x038028cc       0x20 C:\Program Files (x86)\VEX Robotics\VEXcode Pro V5\sdk/vexv5\libv5rt.a(vex_controller.cpp.obj)
                0x038028cc                vex::controller::button::_buttonToReleasedEvent()
 .text._ZN3vex10controller6buttonC2ENS0_11tButtonTypeEPS0_
                0x038028ec       0x48 C:\Program Files (x86)\VEX Robotics\VEXcode Pro V5\sdk/vexv5\libv5rt.a(vex_controller.cpp.obj)
                0x038028ec                vex::controller::button::button(vex::controller::tButtonType, vex::controller*)
                0x038028ec                vex::controller::button::button(vex::controller::tButtonType, vex::controller*)
 .text._ZN3vex10controller4axis23_joystickToChangedEventEv
                0x03802934       0x20 C:\Program Files (x86)\VEX Robotics\VEXcode Pro V5\sdk/vexv5\libv5rt.a(vex_controller.cpp.obj)
                0x03802934                vex::controller::axis::_joystickToChangedEvent()
 .text._ZN3vex10controller4axisC2ENS0_9tAxisTypeEPS0_
                0x03802954       0x2c C:\Program Files (x86)\VEX Robotics\VEXcode Pro V5\sdk/vexv5\libv5rt.a(vex_controller.cpp.obj)
                0x03802954                vex::controller::axis::axis(vex::controller::tAxisType, vex::controller*)
                0x03802954                vex::controller::axis::axis(vex::controller::tAxisType, vex::controller*)
 .text._ZN3vex10controllerC2ENS_14controllerTypeE
                0x03802980      0x204 C:\Program Files (x86)\VEX Robotics\VEXcode Pro V5\sdk/vexv5\libv5rt.a(vex_controller.cpp.obj)
                0x03802980                vex::controller::controller(vex::controllerType)
                0x03802980                vex::controller::controller(vex::controllerType)
 .text._ZN3vex4taskC2EPFivE
                0x03802b84       0x5c C:\Program Files (x86)\VEX Robotics\VEXcode Pro V5\sdk/vexv5\libv5rt.a(vex_task.cpp.obj)
                0x03802b84                vex::task::task(int (*)())
                0x03802b84                vex::task::task(int (*)())
 .text._ZN3vex4taskD2Ev
                0x03802be0        0x4 C:\Program Files (x86)\VEX Robotics\VEXcode Pro V5\sdk/vexv5\libv5rt.a(vex_task.cpp.obj)
                0x03802be0                vex::task::~task()
                0x03802be0                vex::task::~task()
 .text._ZN3vex4task4stopERKS0_
                0x03802be4       0x18 C:\Program Files (x86)\VEX Robotics\VEXcode Pro V5\sdk/vexv5\libv5rt.a(vex_task.cpp.obj)
                0x03802be4                vex::task::stop(vex::task const&)
 .text._ZN3vex4task5sleepEm
                0x03802bfc        0x4 C:\Program Files (x86)\VEX Robotics\VEXcode Pro V5\sdk/vexv5\libv5rt.a(vex_task.cpp.obj)
                0x03802bfc                vex::task::sleep(unsigned long)
 .text._ZN3vex4task6_indexEPFivE
                0x03802c00       0x14 C:\Program Files (x86)\VEX Robotics\VEXcode Pro V5\sdk/vexv5\libv5rt.a(vex_task.cpp.obj)
                0x03802c00                vex::task::_index(int (*)())
 .text._ZN3vex4task8_stopAllEv
                0x03802c14       0x3c C:\Program Files (x86)\VEX Robotics\VEXcode Pro V5\sdk/vexv5\libv5rt.a(vex_task.cpp.obj)
                0x03802c14                vex::task::_stopAll()
 .text._ZN3vex6threadC2EPFivE
                0x03802c50       0x5c C:\Program Files (x86)\VEX Robotics\VEXcode Pro V5\sdk/vexv5\libv5rt.a(vex_thread.cpp.obj)
                0x03802c50                vex::thread::thread(int (*)())
                0x03802c50                vex::thread::thread(int (*)())
 .text._ZN3vex6threadC2EPFiPvES1_
                0x03802cac       0x5c C:\Program Files (x86)\VEX Robotics\VEXcode Pro V5\sdk/vexv5\libv5rt.a(vex_thread.cpp.obj)
                0x03802cac                vex::thread::thread(int (*)(void*), void*)
                0x03802cac                vex::thread::thread(int (*)(void*), void*)
 .text._ZN3vex6threadD2Ev
                0x03802d08        0x4 C:\Program Files (x86)\VEX Robotics\VEXcode Pro V5\sdk/vexv5\libv5rt.a(vex_thread.cpp.obj)
                0x03802d08                vex::thread::~thread()
                0x03802d08                vex::thread::~thread()
 .text._ZN3vex6thread11setPriorityEl
                0x03802d0c       0x1c C:\Program Files (x86)\VEX Robotics\VEXcode Pro V5\sdk/vexv5\libv5rt.a(vex_thread.cpp.obj)
                0x03802d0c                vex::thread::setPriority(long)
 .text._ZN3vex11this_thread5yieldEv
                0x03802d28        0x4 C:\Program Files (x86)\VEX Robotics\VEXcode Pro V5\sdk/vexv5\libv5rt.a(vex_thread.cpp.obj)
                0x03802d28                vex::this_thread::yield()
 .text._ZN3vex11this_thread9sleep_forEm
                0x03802d2c        0x4 C:\Program Files (x86)\VEX Robotics\VEXcode Pro V5\sdk/vexv5\libv5rt.a(vex_thread.cpp.obj)
                0x03802d2c                vex::this_thread::sleep_for(unsigned long)
 .text._ZN3vex5mutexC2Ev
                0x03802d30       0x1c C:\Program Files (x86)\VEX Robotics\VEXcode Pro V5\sdk/vexv5\libv5rt.a(vex_thread.cpp.obj)
                0x03802d30                vex::mutex::mutex()
                0x03802d30                vex::mutex::mutex()
 .text._ZN3vex5mutexD2Ev
                0x03802d4c        0x4 C:\Program Files (x86)\VEX Robotics\VEXcode Pro V5\sdk/vexv5\libv5rt.a(vex_thread.cpp.obj)
                0x03802d4c                vex::mutex::~mutex()
                0x03802d4c                vex::mutex::~mutex()
 .text._ZN3vex5mutex4lockEv
                0x03802d50        0x8 C:\Program Files (x86)\VEX Robotics\VEXcode Pro V5\sdk/vexv5\libv5rt.a(vex_thread.cpp.obj)
                0x03802d50                vex::mutex::lock()
 .text._ZN3vex5mutex6unlockEv
                0x03802d58        0x4 C:\Program Files (x86)\VEX Robotics\VEXcode Pro V5\sdk/vexv5\libv5rt.a(vex_thread.cpp.obj)
                0x03802d58                vex::mutex::unlock()
 .text._ZN3vex5event4initEmmPFvvE
                0x03802d5c        0x4 C:\Program Files (x86)\VEX Robotics\VEXcode Pro V5\sdk/vexv5\libv5rt.a(vex_event.cpp.obj)
                0x03802d5c                vex::event::init(unsigned long, unsigned long, void (*)())
 .text._ZN3vex5event4initEmmPFvPvES1_
                0x03802d60        0x4 C:\Program Files (x86)\VEX Robotics\VEXcode Pro V5\sdk/vexv5\libv5rt.a(vex_event.cpp.obj)
                0x03802d60                vex::event::init(unsigned long, unsigned long, void (*)(void*), void*)
 .text._ZN3vex5event9userindexEv
                0x03802d64        0x4 C:\Program Files (x86)\VEX Robotics\VEXcode Pro V5\sdk/vexv5\libv5rt.a(vex_event.cpp.obj)
                0x03802d64                vex::event::userindex()
 .text._ZZN3vex6meventC4EmmENUlvE_4_FUNEv
                0x03802d68        0x4 C:\Program Files (x86)\VEX Robotics\VEXcode Pro V5\sdk/vexv5\libv5rt.a(vex_mevent.cpp.obj)
 .text._ZN3vex6meventC2Emm
                0x03802d6c       0x70 C:\Program Files (x86)\VEX Robotics\VEXcode Pro V5\sdk/vexv5\libv5rt.a(vex_mevent.cpp.obj)
                0x03802d6c                vex::mevent::mevent(unsigned long, unsigned long)
                0x03802d6c                vex::mevent::mevent(unsigned long, unsigned long)
 .text._ZN3vex5brain9_getIndexEv
                0x03802ddc       0x10 C:\Program Files (x86)\VEX Robotics\VEXcode Pro V5\sdk/vexv5\libv5rt.a(vex_brain.cpp.obj)
                0x03802ddc                vex::brain::_getIndex()
 .text._ZN3vex5brain3lcd9setCursorEll
                0x03802dec       0x44 C:\Program Files (x86)\VEX Robotics\VEXcode Pro V5\sdk/vexv5\libv5rt.a(vex_brain.cpp.obj)
                0x03802dec                vex::brain::lcd::setCursor(long, long)
 .text._ZN3vex5brain3lcd7setFontENS_8fontTypeE
                0x03802e30      0x23c C:\Program Files (x86)\VEX Robotics\VEXcode Pro V5\sdk/vexv5\libv5rt.a(vex_brain.cpp.obj)
                0x03802e30                vex::brain::lcd::setFont(vex::fontType)
 .text._ZN3vex5brain3lcdC2Ev
                0x0380306c       0x94 C:\Program Files (x86)\VEX Robotics\VEXcode Pro V5\sdk/vexv5\libv5rt.a(vex_brain.cpp.obj)
                0x0380306c                vex::brain::lcd::lcd()
                0x0380306c                vex::brain::lcd::lcd()
 .text._ZN3vex5brainC2Ev
                0x03803100       0x38 C:\Program Files (x86)\VEX Robotics\VEXcode Pro V5\sdk/vexv5\libv5rt.a(vex_brain.cpp.obj)
                0x03803100                vex::brain::brain()
                0x03803100                vex::brain::brain()
 .text._ZN3vex5brain3lcd11setPenColorERKNS_5colorE
                0x03803138       0x14 C:\Program Files (x86)\VEX Robotics\VEXcode Pro V5\sdk/vexv5\libv5rt.a(vex_brain.cpp.obj)
                0x03803138                vex::brain::lcd::setPenColor(vex::color const&)
 .text._ZN3vex5brain3lcd12setFillColorERKNS_5colorE
                0x0380314c       0x38 C:\Program Files (x86)\VEX Robotics\VEXcode Pro V5\sdk/vexv5\libv5rt.a(vex_brain.cpp.obj)
                0x0380314c                vex::brain::lcd::setFillColor(vex::color const&)
 .text._ZN3vex5brain3lcd7printAtEllPKcz
                0x03803184       0x54 C:\Program Files (x86)\VEX Robotics\VEXcode Pro V5\sdk/vexv5\libv5rt.a(vex_brain.cpp.obj)
                0x03803184                vex::brain::lcd::printAt(long, long, char const*, ...)
 .text._ZN3vex5brain3lcd12_clearScreenEm
                0x038031d8       0x38 C:\Program Files (x86)\VEX Robotics\VEXcode Pro V5\sdk/vexv5\libv5rt.a(vex_brain.cpp.obj)
                0x038031d8                vex::brain::lcd::_clearScreen(unsigned long)
 .text._ZN3vex5brain3lcd11clearScreenERKNS_5colorE
                0x03803210       0x20 C:\Program Files (x86)\VEX Robotics\VEXcode Pro V5\sdk/vexv5\libv5rt.a(vex_brain.cpp.obj)
                0x03803210                vex::brain::lcd::clearScreen(vex::color const&)
 .text._ZN3vex5brain3lcd11clearScreenEv
                0x03803230       0x2c C:\Program Files (x86)\VEX Robotics\VEXcode Pro V5\sdk/vexv5\libv5rt.a(vex_brain.cpp.obj)
                0x03803230                vex::brain::lcd::clearScreen()
 .text._ZN3vex5brain3lcd13drawRectangleEiiii
                0x0380325c       0xdc C:\Program Files (x86)\VEX Robotics\VEXcode Pro V5\sdk/vexv5\libv5rt.a(vex_brain.cpp.obj)
                0x0380325c                vex::brain::lcd::drawRectangle(int, int, int, int)
 .text._ZN3vex5brain3lcd14_drawRectangleEiiiim
                0x03803338       0x74 C:\Program Files (x86)\VEX Robotics\VEXcode Pro V5\sdk/vexv5\libv5rt.a(vex_brain.cpp.obj)
                0x03803338                vex::brain::lcd::_drawRectangle(int, int, int, int, unsigned long)
 .text._ZN3vex5brain3lcd13drawRectangleEiiiiRKNS_5colorE
                0x038033ac       0x68 C:\Program Files (x86)\VEX Robotics\VEXcode Pro V5\sdk/vexv5\libv5rt.a(vex_brain.cpp.obj)
                0x038033ac                vex::brain::lcd::drawRectangle(int, int, int, int, vex::color const&)
 .text._ZN3vex5brain3lcd7newLineEv
                0x03803414       0x20 C:\Program Files (x86)\VEX Robotics\VEXcode Pro V5\sdk/vexv5\libv5rt.a(vex_brain.cpp.obj)
                0x03803414                vex::brain::lcd::newLine()
 .text._ZN3vex5brain3lcd6renderEv
                0x03803434        0xc C:\Program Files (x86)\VEX Robotics\VEXcode Pro V5\sdk/vexv5\libv5rt.a(vex_brain.cpp.obj)
                0x03803434                vex::brain::lcd::render()
 .text._ZN3vex5brain3lcd13setClipRegionEiiii
                0x03803440       0x34 C:\Program Files (x86)\VEX Robotics\VEXcode Pro V5\sdk/vexv5\libv5rt.a(vex_brain.cpp.obj)
                0x03803440                vex::brain::lcd::setClipRegion(int, int, int, int)
 .text._ZN3vex5brain3lcd10rowToPixelEl
                0x03803474       0x34 C:\Program Files (x86)\VEX Robotics\VEXcode Pro V5\sdk/vexv5\libv5rt.a(vex_brain.cpp.obj)
                0x03803474                vex::brain::lcd::rowToPixel(long)
 .text._ZN3vex5brain3lcd5printEPKcz
                0x038034a8       0xb8 C:\Program Files (x86)\VEX Robotics\VEXcode Pro V5\sdk/vexv5\libv5rt.a(vex_brain.cpp.obj)
                0x038034a8                vex::brain::lcd::print(char const*, ...)
 .text._ZN3vex5brainD2Ev
                0x03803560       0x20 C:\Program Files (x86)\VEX Robotics\VEXcode Pro V5\sdk/vexv5\libv5rt.a(vex_brain.cpp.obj)
                0x03803560                vex::brain::~brain()
                0x03803560                vex::brain::~brain()
 .text._ZN3vex11competition11_autonomousEv
                0x03803580       0x90 C:\Program Files (x86)\VEX Robotics\VEXcode Pro V5\sdk/vexv5\libv5rt.a(vex_competition.cpp.obj)
                0x03803580                vex::competition::_autonomous()
 .text._ZN3vex11competition14_drivercontrolEv
                0x03803610       0x90 C:\Program Files (x86)\VEX Robotics\VEXcode Pro V5\sdk/vexv5\libv5rt.a(vex_competition.cpp.obj)
                0x03803610                vex::competition::_drivercontrol()
 .text._ZN3vex11competition8_disableEPv
                0x038036a0       0xc8 C:\Program Files (x86)\VEX Robotics\VEXcode Pro V5\sdk/vexv5\libv5rt.a(vex_competition.cpp.obj)
                0x038036a0                vex::competition::_disable(void*)
 .text._ZN3vex11competitionC2Ev
                0x03803768      0x13c C:\Program Files (x86)\VEX Robotics\VEXcode Pro V5\sdk/vexv5\libv5rt.a(vex_competition.cpp.obj)
                0x03803768                vex::competition::competition()
                0x03803768                vex::competition::competition()
 .text._ZN3vex11competitionD2Ev
                0x038038a4        0x4 C:\Program Files (x86)\VEX Robotics\VEXcode Pro V5\sdk/vexv5\libv5rt.a(vex_competition.cpp.obj)
                0x038038a4                vex::competition::~competition()
                0x038038a4                vex::competition::~competition()
 .text._ZN3vex7triportD2Ev
                0x038038a8       0x38 C:\Program Files (x86)\VEX Robotics\VEXcode Pro V5\sdk/vexv5\libv5rt.a(vex_triport.cpp.obj)
                0x038038a8                vex::triport::~triport()
                0x038038a8                vex::triport::~triport()
 .text._ZN3vex7triportD0Ev
                0x038038e0       0x1c C:\Program Files (x86)\VEX Robotics\VEXcode Pro V5\sdk/vexv5\libv5rt.a(vex_triport.cpp.obj)
                0x038038e0                vex::triport::~triport()
 .text._ZN3vex7triport9installedEv
                0x038038fc       0x18 C:\Program Files (x86)\VEX Robotics\VEXcode Pro V5\sdk/vexv5\libv5rt.a(vex_triport.cpp.obj)
                0x038038fc                vex::triport::installed()
 .text._ZN3vex7triport4portC2ElPS0_
                0x03803914       0x74 C:\Program Files (x86)\VEX Robotics\VEXcode Pro V5\sdk/vexv5\libv5rt.a(vex_triport.cpp.obj)
                0x03803914                vex::triport::port::port(long, vex::triport*)
                0x03803914                vex::triport::port::port(long, vex::triport*)
 .text._ZN3vex7triportC2El
                0x03803988       0xf0 C:\Program Files (x86)\VEX Robotics\VEXcode Pro V5\sdk/vexv5\libv5rt.a(vex_triport.cpp.obj)
                0x03803988                vex::triport::triport(long)
                0x03803988                vex::triport::triport(long)
 .text._ZN3vex7triport4port4typeENS_11triportTypeE
                0x03803a78       0x30 C:\Program Files (x86)\VEX Robotics\VEXcode Pro V5\sdk/vexv5\libv5rt.a(vex_triport.cpp.obj)
                0x03803a78                vex::triport::port::type(vex::triportType)
 .text._ZN3vex7triport4port4typeEv
                0x03803aa8       0x38 C:\Program Files (x86)\VEX Robotics\VEXcode Pro V5\sdk/vexv5\libv5rt.a(vex_triport.cpp.obj)
                0x03803aa8                vex::triport::port::type()
 .text._ZN3vex7triport4port7pressedEPFvvE
                0x03803ae0       0x20 C:\Program Files (x86)\VEX Robotics\VEXcode Pro V5\sdk/vexv5\libv5rt.a(vex_triport.cpp.obj)
                0x03803ae0                vex::triport::port::pressed(void (*)())
 .text._ZN3vex11__trideviceC2ERNS_7triport4portENS_11triportTypeE
                0x03803b00       0x5c C:\Program Files (x86)\VEX Robotics\VEXcode Pro V5\sdk/vexv5\libv5rt.a(vex_triport.cpp.obj)
                0x03803b00                vex::__tridevice::__tridevice(vex::triport::port&, vex::triportType)
                0x03803b00                vex::__tridevice::__tridevice(vex::triport::port&, vex::triportType)
 .text._ZN3vex5limitC2ERNS_7triport4portE
                0x03803b5c       0x28 C:\Program Files (x86)\VEX Robotics\VEXcode Pro V5\sdk/vexv5\libv5rt.a(vex_triport.cpp.obj)
                0x03803b5c                vex::limit::limit(vex::triport::port&)
                0x03803b5c                vex::limit::limit(vex::triport::port&)
 .text._ZN3vex5limitD2Ev
                0x03803b84        0x4 C:\Program Files (x86)\VEX Robotics\VEXcode Pro V5\sdk/vexv5\libv5rt.a(vex_triport.cpp.obj)
                0x03803b84                vex::limit::~limit()
                0x03803b84                vex::limit::~limit()
 .text._ZN3vex5limit7pressedEPFvvE
                0x03803b88        0x8 C:\Program Files (x86)\VEX Robotics\VEXcode Pro V5\sdk/vexv5\libv5rt.a(vex_triport.cpp.obj)
                0x03803b88                vex::limit::pressed(void (*)())
 .text._ZN3vex6bumperC2ERNS_7triport4portE
                0x03803b90       0x28 C:\Program Files (x86)\VEX Robotics\VEXcode Pro V5\sdk/vexv5\libv5rt.a(vex_triport.cpp.obj)
                0x03803b90                vex::bumper::bumper(vex::triport::port&)
                0x03803b90                vex::bumper::bumper(vex::triport::port&)
 .text._ZN3vex6bumperD2Ev
                0x03803bb8        0x4 C:\Program Files (x86)\VEX Robotics\VEXcode Pro V5\sdk/vexv5\libv5rt.a(vex_triport.cpp.obj)
                0x03803bb8                vex::bumper::~bumper()
                0x03803bb8                vex::bumper::~bumper()
 .text._ZN3vex6bumper7pressedEPFvvE
                0x03803bbc        0x8 C:\Program Files (x86)\VEX Robotics\VEXcode Pro V5\sdk/vexv5\libv5rt.a(vex_triport.cpp.obj)
                0x03803bbc                vex::bumper::pressed(void (*)())
 .text._ZN3vex7encoderC2ERNS_7triport4portE
                0x03803bc4       0x20 C:\Program Files (x86)\VEX Robotics\VEXcode Pro V5\sdk/vexv5\libv5rt.a(vex_triport.cpp.obj)
                0x03803bc4                vex::encoder::encoder(vex::triport::port&)
                0x03803bc4                vex::encoder::encoder(vex::triport::port&)
 .text._ZN3vex7encoderD2Ev
                0x03803be4        0x4 C:\Program Files (x86)\VEX Robotics\VEXcode Pro V5\sdk/vexv5\libv5rt.a(vex_triport.cpp.obj)
                0x03803be4                vex::encoder::~encoder()
                0x03803be4                vex::encoder::~encoder()
 .text.startup._GLOBAL__sub_I__ZN3vex7triportC2El
                0x03803be8       0x30 C:\Program Files (x86)\VEX Robotics\VEXcode Pro V5\sdk/vexv5\libv5rt.a(vex_triport.cpp.obj)
 .text._ZN3vex5colorD2Ev
                0x03803c18        0x4 C:\Program Files (x86)\VEX Robotics\VEXcode Pro V5\sdk/vexv5\libv5rt.a(vex_color.cpp.obj)
                0x03803c18                vex::color::~color()
                0x03803c18                vex::color::~color()
 .text._ZN3vex5colorC2Ei
                0x03803c1c       0x10 C:\Program Files (x86)\VEX Robotics\VEXcode Pro V5\sdk/vexv5\libv5rt.a(vex_color.cpp.obj)
                0x03803c1c                vex::color::color(int)
                0x03803c1c                vex::color::color(int)
 .text._ZNK3vex5colorcvmEv
                0x03803c2c        0x8 C:\Program Files (x86)\VEX Robotics\VEXcode Pro V5\sdk/vexv5\libv5rt.a(vex_color.cpp.obj)
                0x03803c2c                vex::color::operator unsigned long() const
 .text._ZNK3vex5color13isTransparentEv
                0x03803c34        0x8 C:\Program Files (x86)\VEX Robotics\VEXcode Pro V5\sdk/vexv5\libv5rt.a(vex_color.cpp.obj)
                0x03803c34                vex::color::isTransparent() const
 .text.startup._GLOBAL__sub_I__ZN3vex5color5blackE
                0x03803c3c      0x164 C:\Program Files (x86)\VEX Robotics\VEXcode Pro V5\sdk/vexv5\libv5rt.a(vex_color.cpp.obj)
 .text._ZN3vex5timerD2Ev
                0x03803da0        0x4 C:\Program Files (x86)\VEX Robotics\VEXcode Pro V5\sdk/vexv5\libv5rt.a(vex_timer.cpp.obj)
                0x03803da0                vex::timer::~timer()
                0x03803da0                vex::timer::~timer()
 .text._ZN3vex5timer5clearEv
                0x03803da4       0x1c C:\Program Files (x86)\VEX Robotics\VEXcode Pro V5\sdk/vexv5\libv5rt.a(vex_timer.cpp.obj)
                0x03803da4                vex::timer::clear()
 .text._ZN3vex5timerC2Ev
                0x03803dc0       0x14 C:\Program Files (x86)\VEX Robotics\VEXcode Pro V5\sdk/vexv5\libv5rt.a(vex_timer.cpp.obj)
                0x03803dc0                vex::timer::timer()
                0x03803dc0                vex::timer::timer()
 .text._ZNK3vex5timer4timeEv
                0x03803dd4       0x1c C:\Program Files (x86)\VEX Robotics\VEXcode Pro V5\sdk/vexv5\libv5rt.a(vex_timer.cpp.obj)
                0x03803dd4                vex::timer::time() const
 .text._ZN3vex5timer6systemEv
                0x03803df0        0x4 C:\Program Files (x86)\VEX Robotics\VEXcode Pro V5\sdk/vexv5\libv5rt.a(vex_timer.cpp.obj)
                0x03803df0                vex::timer::system()
 .text.vexAdiPortConfigSet
                0x03803df4       0x28 C:\Program Files (x86)\VEX Robotics\VEXcode Pro V5\sdk/vexv5\libv5rt.a(v5_apiuser.c.obj)
                0x03803df4                vexAdiPortConfigSet
 .text.vexAdiPortConfigGet
                0x03803e1c       0x28 C:\Program Files (x86)\VEX Robotics\VEXcode Pro V5\sdk/vexv5\libv5rt.a(v5_apiuser.c.obj)
                0x03803e1c                vexAdiPortConfigGet
 .text.vexMotorVelocitySet
                0x03803e44       0x20 C:\Program Files (x86)\VEX Robotics\VEXcode Pro V5\sdk/vexv5\libv5rt.a(v5_apiuser.c.obj)
                0x03803e44                vexMotorVelocitySet
 .text.vexMotorActualVelocityGet
                0x03803e64       0x24 C:\Program Files (x86)\VEX Robotics\VEXcode Pro V5\sdk/vexv5\libv5rt.a(v5_apiuser.c.obj)
                0x03803e64                vexMotorActualVelocityGet
 .text.vexMotorReverseFlagSet
                0x03803e88       0x20 C:\Program Files (x86)\VEX Robotics\VEXcode Pro V5\sdk/vexv5\libv5rt.a(v5_apiuser.c.obj)
                0x03803e88                vexMotorReverseFlagSet
 .text.vexMotorBrakeModeSet
                0x03803ea8       0x20 C:\Program Files (x86)\VEX Robotics\VEXcode Pro V5\sdk/vexv5\libv5rt.a(v5_apiuser.c.obj)
                0x03803ea8                vexMotorBrakeModeSet
 .text.vexMotorPositionSet
                0x03803ec8       0x28 C:\Program Files (x86)\VEX Robotics\VEXcode Pro V5\sdk/vexv5\libv5rt.a(v5_apiuser.c.obj)
                0x03803ec8                vexMotorPositionSet
 .text.vexMotorGearingSet
                0x03803ef0       0x20 C:\Program Files (x86)\VEX Robotics\VEXcode Pro V5\sdk/vexv5\libv5rt.a(v5_apiuser.c.obj)
                0x03803ef0                vexMotorGearingSet
 .text.vexMotorGearingGet
                0x03803f10       0x18 C:\Program Files (x86)\VEX Robotics\VEXcode Pro V5\sdk/vexv5\libv5rt.a(v5_apiuser.c.obj)
                0x03803f10                vexMotorGearingGet
 .text.vexEventMaskSet
                0x03803f28       0x28 C:\Program Files (x86)\VEX Robotics\VEXcode Pro V5\sdk/vexv5\libv5rt.a(v5_apiuser.c.obj)
                0x03803f28                vexEventMaskSet
 .text.vexEventMaskGet
                0x03803f50       0x18 C:\Program Files (x86)\VEX Robotics\VEXcode Pro V5\sdk/vexv5\libv5rt.a(v5_apiuser.c.obj)
                0x03803f50                vexEventMaskGet
 .text._ZN3vex6deviceD2Ev
                0x03803f68        0x4 C:\Program Files (x86)\VEX Robotics\VEXcode Pro V5\sdk/vexv5\libv5rt.a(vex_device.cpp.obj)
                0x03803f68                vex::device::~device()
                0x03803f68                vex::device::~device()
 .text._ZN3vex6device5valueEv
                0x03803f6c        0x8 C:\Program Files (x86)\VEX Robotics\VEXcode Pro V5\sdk/vexv5\libv5rt.a(vex_device.cpp.obj)
                0x03803f6c                vex::device::value()
 .text._ZN3vex6deviceD0Ev
                0x03803f74       0x14 C:\Program Files (x86)\VEX Robotics\VEXcode Pro V5\sdk/vexv5\libv5rt.a(vex_device.cpp.obj)
                0x03803f74                vex::device::~device()
 .text._ZN3vex6device4initEl
                0x03803f88       0x30 C:\Program Files (x86)\VEX Robotics\VEXcode Pro V5\sdk/vexv5\libv5rt.a(vex_device.cpp.obj)
                0x03803f88                vex::device::init(long)
 .text._ZN3vex6deviceC2El
                0x03803fb8       0x20 C:\Program Files (x86)\VEX Robotics\VEXcode Pro V5\sdk/vexv5\libv5rt.a(vex_device.cpp.obj)
                0x03803fb8                vex::device::device(long)
                0x03803fb8                vex::device::device(long)
 .text._ZN3vex6device4typeEv
                0x03803fd8       0x10 C:\Program Files (x86)\VEX Robotics\VEXcode Pro V5\sdk/vexv5\libv5rt.a(vex_device.cpp.obj)
                0x03803fd8                vex::device::type()
 .text._ZN3vex6device9installedEv
                0x03803fe8       0x14 C:\Program Files (x86)\VEX Robotics\VEXcode Pro V5\sdk/vexv5\libv5rt.a(vex_device.cpp.obj)
                0x03803fe8                vex::device::installed()
 .text.__aeabi_memclr
                0x03803ffc        0x8 C:\Program Files (x86)\VEX Robotics\VEXcode Pro V5\sdk/vexv5/gcc/libs\libc.a(lib_a-aeabi_memclr.o)
                0x03803ffc                __aeabi_memclr4
                0x03803ffc                __aeabi_memclr
                0x03803ffc                __aeabi_memclr8
 .text.__aeabi_memcpy
                0x03804004        0x4 C:\Program Files (x86)\VEX Robotics\VEXcode Pro V5\sdk/vexv5/gcc/libs\libc.a(lib_a-aeabi_memcpy.o)
                0x03804004                __aeabi_memcpy
                0x03804004                __aeabi_memcpy8
                0x03804004                __aeabi_memcpy4
 .text.__libc_fini_array
                0x03804008       0x30 C:\Program Files (x86)\VEX Robotics\VEXcode Pro V5\sdk/vexv5/gcc/libs\libc.a(lib_a-fini.o)
                0x03804008                __libc_fini_array
 .text.__libc_init_array
                0x03804038       0x58 C:\Program Files (x86)\VEX Robotics\VEXcode Pro V5\sdk/vexv5/gcc/libs\libc.a(lib_a-init.o)
                0x03804038                __libc_init_array
 .text.memcpy   0x03804090       0xa8 C:\Program Files (x86)\VEX Robotics\VEXcode Pro V5\sdk/vexv5/gcc/libs\libc.a(lib_a-memcpy.o)
                0x03804090                memcpy
 .text.memcpy.__stub
                0x03804138       0x20 linker stubs
 *(.gnu.linkonce.t.*)
 *(.plt)
 *(.gnu_warning)
 *(.gcc_except_table)
 *(.glue_7)
 .glue_7        0x00000000        0x0 linker stubs
 *(.glue_7t)
 .glue_7t       0x00000000        0x0 linker stubs
 *(.vfp11_veneer)
 .vfp11_veneer  0x00000000        0x0 linker stubs
 *(.ARM.extab)
 *(.gnu.linkonce.armextab.*)

.v4_bx          0x03804158        0x0
 .v4_bx         0x00000000        0x0 linker stubs

.iplt           0x03804158        0x0
 .iplt          0x00000000        0x0 build/src/JetsonData.o

.init
 *(.init)

.fini
 *(.fini)

.rodata         0x03804158      0x364
                0x03804158                __rodata_start = .
 *(.rodata)
 *(.rodata.*)
 .rodata.str1.1
                0x03804158      0x17a build/src/dashboard.o
 *fill*         0x038042d2        0x2 
 .rodata..Lswitch.table._Z13dashboardTaskv
                0x038042d4        0xc build/src/dashboard.o
 .rodata.str1.1
                0x038042e0        0xf build/src/ai_jetson.o
 .rodata.str1.1
                0x038042ef       0x1a build/src/MysteryGang/InteractiveMode.o
 .rodata.str1.1
                0x03804309        0x9 build/src/MysteryGang/IsolationMode.o
                                 0x1a (size before relaxing)
 .rodata.str1.1
                0x03804312       0x5a build/src/MysteryGang/CurConfig.o
                                 0x6b (size before relaxing)
 .rodata.str1.1
                0x0380436c       0x2e C:\Program Files (x86)\VEX Robotics\VEXcode Pro V5\sdk/vexv5\libv5rt.a(v5_startup.c.obj)
 *fill*         0x0380439a        0x2 
 .rodata._ZN3vex6yellowE
                0x0380439c        0x4 C:\Program Files (x86)\VEX Robotics\VEXcode Pro V5\sdk/vexv5\libv5rt.a(vex_global.cpp.obj)
                0x0380439c                vex::yellow
 .rodata._ZN3vex6PORT14E
                0x038043a0        0x4 C:\Program Files (x86)\VEX Robotics\VEXcode Pro V5\sdk/vexv5\libv5rt.a(vex_global.cpp.obj)
                0x038043a0                vex::PORT14
 .rodata._ZN3vex5whiteE
                0x038043a4        0x4 C:\Program Files (x86)\VEX Robotics\VEXcode Pro V5\sdk/vexv5\libv5rt.a(vex_global.cpp.obj)
                0x038043a4                vex::white
 .rodata._ZN3vex5blackE
                0x038043a8        0x4 C:\Program Files (x86)\VEX Robotics\VEXcode Pro V5\sdk/vexv5\libv5rt.a(vex_global.cpp.obj)
                0x038043a8                vex::black
 .rodata._ZN3vex6PORT18E
                0x038043ac        0x4 C:\Program Files (x86)\VEX Robotics\VEXcode Pro V5\sdk/vexv5\libv5rt.a(vex_global.cpp.obj)
                0x038043ac                vex::PORT18
 .rodata._ZN3vex6PORT11E
                0x038043b0        0x4 C:\Program Files (x86)\VEX Robotics\VEXcode Pro V5\sdk/vexv5\libv5rt.a(vex_global.cpp.obj)
                0x038043b0                vex::PORT11
 .rodata._ZN3vex7primaryE
                0x038043b4        0x4 C:\Program Files (x86)\VEX Robotics\VEXcode Pro V5\sdk/vexv5\libv5rt.a(vex_global.cpp.obj)
                0x038043b4                vex::primary
 .rodata._ZN3vex6PORT19E
                0x038043b8        0x4 C:\Program Files (x86)\VEX Robotics\VEXcode Pro V5\sdk/vexv5\libv5rt.a(vex_global.cpp.obj)
                0x038043b8                vex::PORT19
 .rodata._ZN3vex6PORT22E
                0x038043bc        0x4 C:\Program Files (x86)\VEX Robotics\VEXcode Pro V5\sdk/vexv5\libv5rt.a(vex_global.cpp.obj)
                0x038043bc                vex::PORT22
 .rodata._ZN3vex6PORT12E
                0x038043c0        0x4 C:\Program Files (x86)\VEX Robotics\VEXcode Pro V5\sdk/vexv5\libv5rt.a(vex_global.cpp.obj)
                0x038043c0                vex::PORT12
 .rodata._ZN3vex6PORT16E
                0x038043c4        0x4 C:\Program Files (x86)\VEX Robotics\VEXcode Pro V5\sdk/vexv5\libv5rt.a(vex_global.cpp.obj)
                0x038043c4                vex::PORT16
 .rodata._ZN3vex6PORT13E
                0x038043c8        0x4 C:\Program Files (x86)\VEX Robotics\VEXcode Pro V5\sdk/vexv5\libv5rt.a(vex_global.cpp.obj)
                0x038043c8                vex::PORT13
 .rodata._ZN3vex9ratio18_1E
                0x038043cc        0x4 C:\Program Files (x86)\VEX Robotics\VEXcode Pro V5\sdk/vexv5\libv5rt.a(vex_global.cpp.obj)
                0x038043cc                vex::ratio18_1
 .rodata._ZN3vex6mono12E
                0x038043d0        0x4 C:\Program Files (x86)\VEX Robotics\VEXcode Pro V5\sdk/vexv5\libv5rt.a(vex_global.cpp.obj)
                0x038043d0                vex::mono12
 .rodata._ZN3vex6mono15E
                0x038043d4        0x4 C:\Program Files (x86)\VEX Robotics\VEXcode Pro V5\sdk/vexv5\libv5rt.a(vex_global.cpp.obj)
                0x038043d4                vex::mono15
 .rodata._ZN3vex6PORT17E
                0x038043d8        0x4 C:\Program Files (x86)\VEX Robotics\VEXcode Pro V5\sdk/vexv5\libv5rt.a(vex_global.cpp.obj)
                0x038043d8                vex::PORT17
 *fill*         0x038043dc        0x4 
 .rodata._ZTVN3vex5motorE
                0x038043e0       0x18 C:\Program Files (x86)\VEX Robotics\VEXcode Pro V5\sdk/vexv5\libv5rt.a(vex_motor.cpp.obj)
                0x038043e0                vtable for vex::motor
 .rodata.CSWTCH.16
                0x038043f8        0xb C:\Program Files (x86)\VEX Robotics\VEXcode Pro V5\sdk/vexv5\libv5rt.a(vex_controller.cpp.obj)
 .rodata.CSWTCH.18
                0x03804403        0xb C:\Program Files (x86)\VEX Robotics\VEXcode Pro V5\sdk/vexv5\libv5rt.a(vex_controller.cpp.obj)
 .rodata.CSWTCH.24
                0x0380440e        0x3 C:\Program Files (x86)\VEX Robotics\VEXcode Pro V5\sdk/vexv5\libv5rt.a(vex_controller.cpp.obj)
 .rodata.str1.1
                0x03804411       0x14 C:\Program Files (x86)\VEX Robotics\VEXcode Pro V5\sdk/vexv5\libv5rt.a(vex_task.cpp.obj)
 .rodata.str1.1
                0x03804425       0x14 C:\Program Files (x86)\VEX Robotics\VEXcode Pro V5\sdk/vexv5\libv5rt.a(vex_thread.cpp.obj)
 .rodata.str1.1
                0x03804439       0x2d C:\Program Files (x86)\VEX Robotics\VEXcode Pro V5\sdk/vexv5\libv5rt.a(vex_brain.cpp.obj)
 .rodata.CSWTCH.36
                0x03804466       0x10 C:\Program Files (x86)\VEX Robotics\VEXcode Pro V5\sdk/vexv5\libv5rt.a(vex_triport.cpp.obj)
 *fill*         0x03804476        0x2 
 .rodata._ZTVN3vex7triportE
                0x03804478       0x18 C:\Program Files (x86)\VEX Robotics\VEXcode Pro V5\sdk/vexv5\libv5rt.a(vex_triport.cpp.obj)
                0x03804478                vtable for vex::triport
 .rodata.CSWTCH.31
                0x03804490        0xe C:\Program Files (x86)\VEX Robotics\VEXcode Pro V5\sdk/vexv5\libv5rt.a(vex_triport.cpp.obj)
 *fill*         0x0380449e        0x2 
 .rodata._ZTVN3vex6deviceE
                0x038044a0       0x18 C:\Program Files (x86)\VEX Robotics\VEXcode Pro V5\sdk/vexv5\libv5rt.a(vex_device.cpp.obj)
                0x038044a0                vtable for vex::device
 .rodata.str1.4
                0x038044b8        0x4 C:\Program Files (x86)\VEX Robotics\VEXcode Pro V5\sdk/vexv5/gcc/libs\libc.a(lib_a-impure.o)
                                  0x2 (size before relaxing)
 *(.gnu.linkonce.r.*)
                0x038044bc                __rodata_end = .

.rodata1        0x038044bc        0x0
                0x038044bc                __rodata1_start = .
 *(.rodata1)
 *(.rodata1.*)
                0x038044bc                __rodata1_end = .

.sdata2         0x038044bc        0x0
                0x038044bc                __sdata2_start = .
 *(.sdata2)
 *(.sdata2.*)
 *(.gnu.linkonce.s2.*)
                0x038044bc                __sdata2_end = .

.sbss2          0x038044bc        0x0
                0x038044bc                __sbss2_start = .
 *(.sbss2)
 *(.sbss2.*)
 *(.gnu.linkonce.sb2.*)
                0x038044bc                __sbss2_end = .

.data           0x038044c0      0x454
                0x038044c0                __data_start = .
 *(.data)
 *(.data.*)
 .data._ZZN2ai6jetson11request_mapEvE3msg
                0x038044c0        0xd build/src/ai_jetson.o
 *fill*         0x038044cd        0x3 
 .data._ZN9CurConfig17sOverallBuildDateE
                0x038044d0        0x4 build/src/MysteryGang/CurConfig.o
                0x038044d0                CurConfig::sOverallBuildDate
 .data._ZN9CurConfig17sOverallBuildTimeE
                0x038044d4        0x4 build/src/MysteryGang/CurConfig.o
                0x038044d4                CurConfig::sOverallBuildTime
 .data._ZN9CurConfig15sOverallVersionE
                0x038044d8        0x4 build/src/MysteryGang/CurConfig.o
                0x038044d8                CurConfig::sOverallVersion
 .data.appRunning
                0x038044dc        0x4 C:\Program Files (x86)\VEX Robotics\VEXcode Pro V5\sdk/vexv5\libv5rt.a(v5_startup.c.obj)
                0x038044dc                appRunning
 .data.__yoff   0x038044e0        0x4 C:\Program Files (x86)\VEX Robotics\VEXcode Pro V5\sdk/vexv5\libv5rt.a(v5_apijump.c.obj)
 .data._ZN3vex24__default_motor_velocityE
                0x038044e4        0x4 C:\Program Files (x86)\VEX Robotics\VEXcode Pro V5\sdk/vexv5\libv5rt.a(vex_motor.cpp.obj)
                0x038044e4                vex::__default_motor_velocity
 .data.impure_data
                0x038044e8      0x428 C:\Program Files (x86)\VEX Robotics\VEXcode Pro V5\sdk/vexv5/gcc/libs\libc.a(lib_a-impure.o)
 .data._impure_ptr
                0x03804910        0x4 C:\Program Files (x86)\VEX Robotics\VEXcode Pro V5\sdk/vexv5/gcc/libs\libc.a(lib_a-impure.o)
                0x03804910                _impure_ptr
 *(.gnu.linkonce.d.*)
 *(.jcr)
 *(.got)
 *(.got.plt)
                0x03804914                __data_end = .

.igot.plt       0x03804914        0x0
 .igot.plt      0x00000000        0x0 build/src/JetsonData.o

.data1          0x03804914        0x0
                0x03804914                __data1_start = .
 *(.data1)
 *(.data1.*)
                0x03804914                __data1_end = .

.got
 *(.got)

.ctors          0x03804914        0x0
                0x03804914                __CTOR_LIST__ = .
                0x03804914                ___CTORS_LIST___ = .
 *crtbegin.o(.ctors)
 *(EXCLUDE_FILE(*crtend.o) .ctors)
 *(SORT(.ctors.*))
 *(.ctors)
                0x03804914                __CTOR_END__ = .
                0x03804914                ___CTORS_END___ = .

.dtors          0x03804914        0x0
                0x03804914                __DTOR_LIST__ = .
                0x03804914                ___DTORS_LIST___ = .
 *crtbegin.o(.dtors)
 *(EXCLUDE_FILE(*crtend.o) .dtors)
 *(SORT(.dtors.*))
 *(.dtors)
                0x03804914                __DTOR_END__ = .
                0x03804914                ___DTORS_END___ = .

.fixup          0x03804914        0x0
                0x03804914                __fixup_start = .
 *(.fixup)
                0x03804914                __fixup_end = .

.eh_frame
 *(.eh_frame)

.eh_framehdr    0x03804914        0x0
                0x03804914                __eh_framehdr_start = .
 *(.eh_framehdr)
                0x03804914                __eh_framehdr_end = .

.gcc_except_table
 *(.gcc_except_table)

.mmu_tbl        0x03808000        0x0
                0x03808000                __mmu_tbl_start = .
 *(.mmu_tbl)
                0x03808000                __mmu_tbl_end = .

.ARM.exidx      0x03804914        0x8
                0x03804914                __exidx_start = .
 *(.ARM.exidx*)
 .ARM.exidx.text._Z10getBoxDataPbPiS0_S0_PfS1_S1_
                0x03804914        0x8 build/src/JetsonData.o
 .ARM.exidx.text.main
                0x0380491c        0x0 build/src/main.o
                                  0x8 (size before relaxing)
 .ARM.exidx.text._GLOBAL__sub_I_main.cpp
                0x0380491c        0x0 build/src/main.o
                                  0x8 (size before relaxing)
 .ARM.exidx.text._Z16setJetsonDisplayi
                0x0380491c        0x0 build/src/dashboard.o
                                  0x8 (size before relaxing)
 .ARM.exidx.text._Z13dashboardTaskv
                0x0380491c        0x0 build/src/dashboard.o
                                  0x8 (size before relaxing)
 .ARM.exidx.text._Z11vexcodeInitv
                0x0380491c        0x0 build/src/robot-config.o
                                  0x8 (size before relaxing)
 .ARM.exidx.text._GLOBAL__sub_I_robot_config.cpp
                0x0380491c        0x0 build/src/robot-config.o
                                  0x8 (size before relaxing)
 .ARM.exidx.text._ZN2ai6jetsonC2Ev
                0x0380491c        0x0 build/src/ai_jetson.o
                                  0x8 (size before relaxing)
 .ARM.exidx.text._ZN2ai6jetson12receive_taskEPv
                0x0380491c        0x0 build/src/ai_jetson.o
                                  0x8 (size before relaxing)
 .ARM.exidx.text._ZN2ai6jetsonD2Ev
                0x0380491c        0x0 build/src/ai_jetson.o
                                  0x8 (size before relaxing)
 .ARM.exidx.text._ZN2ai6jetson11get_packetsEv
                0x0380491c        0x0 build/src/ai_jetson.o
                                  0x8 (size before relaxing)
 .ARM.exidx.text._ZN2ai6jetson12getCalcCrc32Ev
                0x0380491c        0x0 build/src/ai_jetson.o
                                  0x8 (size before relaxing)
 .ARM.exidx.text._ZN2ai6jetson15getPayloadCrc32Ev
                0x0380491c        0x0 build/src/ai_jetson.o
                                  0x8 (size before relaxing)
 .ARM.exidx.text._ZN2ai6jetson10get_errorsEv
                0x0380491c        0x0 build/src/ai_jetson.o
                                  0x8 (size before relaxing)
 .ARM.exidx.text._ZN2ai6jetson12get_timeoutsEv
                0x0380491c        0x0 build/src/ai_jetson.o
                                  0x8 (size before relaxing)
 .ARM.exidx.text._ZN2ai6jetson9get_totalEv
                0x0380491c        0x0 build/src/ai_jetson.o
                                  0x8 (size before relaxing)
 .ARM.exidx.text._ZN2ai6jetson8get_dataEP10MAP_RECORD
                0x0380491c        0x0 build/src/ai_jetson.o
                                  0x8 (size before relaxing)
 .ARM.exidx.text._ZN2ai6jetson5parseEh
                0x0380491c        0x0 build/src/ai_jetson.o
                                  0x8 (size before relaxing)
 .ARM.exidx.text._ZN2ai6jetson11request_mapEv
                0x0380491c        0x0 build/src/ai_jetson.o
                                  0x8 (size before relaxing)
 .ARM.exidx.text._ZN3Cpm10stopWheelsEv
                0x0380491c        0x0 build/src/MysteryGang/CommonPartMethods.o
                                  0x8 (size before relaxing)
 .ARM.exidx.text._ZN3Cpm13stopAllMotorsEv
                0x0380491c        0x0 build/src/MysteryGang/CommonPartMethods.o
                                  0x8 (size before relaxing)
 .ARM.exidx.text._ZN3Cpm14stopAllIntakesEv
                0x0380491c        0x0 build/src/MysteryGang/CommonPartMethods.o
                                  0x8 (size before relaxing)
 .ARM.exidx.text._ZN3Cpm16moveRobotForwardEj
                0x0380491c        0x0 build/src/MysteryGang/CommonPartMethods.o
                                  0x8 (size before relaxing)
 .ARM.exidx.text._ZN3Cpm13turnRobotLeftEj
                0x0380491c        0x0 build/src/MysteryGang/CommonPartMethods.o
                                  0x8 (size before relaxing)
 .ARM.exidx.text._ZN3Cpm18startBottomIntakesEv
                0x0380491c        0x0 build/src/MysteryGang/CommonPartMethods.o
                                  0x8 (size before relaxing)
 .ARM.exidx.text._ZN3Cpm17startMiddleIntakeEv
                0x0380491c        0x0 build/src/MysteryGang/CommonPartMethods.o
                                  0x8 (size before relaxing)
 .ARM.exidx.text._ZN3Cpm21wasLimitSwitchPressedEv
                0x0380491c        0x0 build/src/MysteryGang/CommonPartMethods.o
                                  0x8 (size before relaxing)
 .ARM.exidx.text._ZN3Cpm21setLimitSwitchPressedEv
                0x0380491c        0x0 build/src/MysteryGang/CommonPartMethods.o
                                  0x8 (size before relaxing)
 .ARM.exidx.text._ZN3Cpm22wasBumperSwitchPressedEv
                0x0380491c        0x0 build/src/MysteryGang/CommonPartMethods.o
                                  0x8 (size before relaxing)
 .ARM.exidx.text._ZN3Cpm22setBumperSwitchPressedEv
                0x0380491c        0x0 build/src/MysteryGang/CommonPartMethods.o
                                  0x8 (size before relaxing)
 .ARM.exidx.text._ZN3Cpm11coastWheelsEv
                0x0380491c        0x0 build/src/MysteryGang/CommonPartMethods.o
                                  0x8 (size before relaxing)
 .ARM.exidx.text._ZN15InteractiveMode12getBuildDateEv
                0x0380491c        0x0 build/src/MysteryGang/InteractiveMode.o
                                  0x8 (size before relaxing)
 .ARM.exidx.text._ZN15InteractiveMode12getBuildTimeEv
                0x0380491c        0x0 build/src/MysteryGang/InteractiveMode.o
                                  0x8 (size before relaxing)
 .ARM.exidx.text._ZN15InteractiveMode10getVersionEv
                0x0380491c        0x0 build/src/MysteryGang/InteractiveMode.o
                                  0x8 (size before relaxing)
 .ARM.exidx.text._ZN13IsolationMode9enterMainEv
                0x0380491c        0x0 build/src/MysteryGang/IsolationMode.o
                                  0x8 (size before relaxing)
 .ARM.exidx.text._ZN13IsolationMode11controlTaskEv
                0x0380491c        0x0 build/src/MysteryGang/IsolationMode.o
                                  0x8 (size before relaxing)
 .ARM.exidx.text._ZN13IsolationMode12getBuildDateEv
                0x0380491c        0x0 build/src/MysteryGang/IsolationMode.o
                                  0x8 (size before relaxing)
 .ARM.exidx.text._ZN13IsolationMode12getBuildTimeEv
                0x0380491c        0x0 build/src/MysteryGang/IsolationMode.o
                                  0x8 (size before relaxing)
 .ARM.exidx.text._ZN13IsolationMode10getVersionEv
                0x0380491c        0x0 build/src/MysteryGang/IsolationMode.o
                                  0x8 (size before relaxing)
 .ARM.exidx.text._ZN13IsolationMode14setWheelSpeedsEv
                0x0380491c        0x0 build/src/MysteryGang/IsolationMode.o
                                  0x8 (size before relaxing)
 .ARM.exidx.text._ZN9CurConfig18displayConfigBrainEv
                0x0380491c        0x0 build/src/MysteryGang/CurConfig.o
                                  0x8 (size before relaxing)
 .ARM.exidx.text._ZN9CurConfig10initializeEv
                0x0380491c        0x0 build/src/MysteryGang/CurConfig.o
                                  0x8 (size before relaxing)
 .ARM.exidx.text._GLOBAL__sub_I_RobotConfig.cpp
                0x0380491c        0x0 build/src/MysteryGang/RobotConfig.o
                                  0x8 (size before relaxing)
 *(.gnu.linkonce.armexidix.*.*)
                0x0380491c                __exidx_end = .

.rel.dyn        0x0380491c        0x0
 .rel.iplt      0x00000000        0x0 build/src/JetsonData.o

.preinit_array  0x0380491c        0x0
                0x0380491c                __preinit_array_start = .
 *(SORT(.preinit_array.*))
 *(.preinit_array)
                0x0380491c                __preinit_array_end = .

.init_array     0x0380491c       0x14
                0x0380491c                __init_array_start = .
 *(SORT(.init_array.*))
 *(.init_array)
 .init_array    0x0380491c        0x4 build/src/main.o
 .init_array    0x03804920        0x4 build/src/robot-config.o
 .init_array    0x03804924        0x4 build/src/MysteryGang/RobotConfig.o
 .init_array    0x03804928        0x4 C:\Program Files (x86)\VEX Robotics\VEXcode Pro V5\sdk/vexv5\libv5rt.a(vex_triport.cpp.obj)
 .init_array    0x0380492c        0x4 C:\Program Files (x86)\VEX Robotics\VEXcode Pro V5\sdk/vexv5\libv5rt.a(vex_color.cpp.obj)
                0x03804930                __init_array_end = .

.fini_array     0x03804930        0x0
                0x03804930                __fini_array_start = .
 *(SORT(.fini_array.*))
 *(.fini_array)
                0x03804930                __fini_array_end = .

.ARM.attributes
                0x03804930       0x3a
                0x03804930                __ARM.attributes_start = .
 *(.ARM.attributes)
 .ARM.attributes
                0x03804930       0x3a build/src/JetsonData.o
 .ARM.attributes
                0x0380496a       0x3a build/src/main.o
 .ARM.attributes
                0x038049a4       0x3a build/src/dashboard.o
 .ARM.attributes
                0x038049de       0x3a build/src/robot-config.o
 .ARM.attributes
                0x03804a18       0x3a build/src/ai_jetson.o
 .ARM.attributes
                0x03804a52       0x3a build/src/MysteryGang/CommonPartMethods.o
 .ARM.attributes
                0x03804a8c       0x3a build/src/MysteryGang/InteractiveMode.o
 .ARM.attributes
                0x03804ac6       0x3a build/src/MysteryGang/IsolationMode.o
 .ARM.attributes
                0x03804b00       0x3a build/src/MysteryGang/CurConfig.o
 .ARM.attributes
                0x03804b3a       0x3a build/src/MysteryGang/RobotConfig.o
 .ARM.attributes
                0x03804b74       0x35 C:\Program Files (x86)\VEX Robotics\VEXcode Pro V5\sdk/vexv5\libv5rt.a(v5_startup.c.obj)
 .ARM.attributes
                0x03804ba9       0x35 C:\Program Files (x86)\VEX Robotics\VEXcode Pro V5\sdk/vexv5\libv5rt.a(v5_util.c.obj)
 .ARM.attributes
                0x03804bde       0x35 C:\Program Files (x86)\VEX Robotics\VEXcode Pro V5\sdk/vexv5\libv5rt.a(v5_apijump.c.obj)
 .ARM.attributes
                0x03804c13       0x35 C:\Program Files (x86)\VEX Robotics\VEXcode Pro V5\sdk/vexv5\libv5rt.a(v5_apiversions.c.obj)
 .ARM.attributes
                0x03804c48       0x35 C:\Program Files (x86)\VEX Robotics\VEXcode Pro V5\sdk/vexv5\libv5rt.a(vex_global.cpp.obj)
 .ARM.attributes
                0x03804c7d       0x35 C:\Program Files (x86)\VEX Robotics\VEXcode Pro V5\sdk/vexv5\libv5rt.a(vex_motor.cpp.obj)
 .ARM.attributes
                0x03804cb2       0x35 C:\Program Files (x86)\VEX Robotics\VEXcode Pro V5\sdk/vexv5\libv5rt.a(vex_controller.cpp.obj)
 .ARM.attributes
                0x03804ce7       0x35 C:\Program Files (x86)\VEX Robotics\VEXcode Pro V5\sdk/vexv5\libv5rt.a(vex_task.cpp.obj)
 .ARM.attributes
                0x03804d1c       0x35 C:\Program Files (x86)\VEX Robotics\VEXcode Pro V5\sdk/vexv5\libv5rt.a(vex_thread.cpp.obj)
 .ARM.attributes
                0x03804d51       0x35 C:\Program Files (x86)\VEX Robotics\VEXcode Pro V5\sdk/vexv5\libv5rt.a(vex_event.cpp.obj)
 .ARM.attributes
                0x03804d86       0x35 C:\Program Files (x86)\VEX Robotics\VEXcode Pro V5\sdk/vexv5\libv5rt.a(vex_mevent.cpp.obj)
 .ARM.attributes
                0x03804dbb       0x35 C:\Program Files (x86)\VEX Robotics\VEXcode Pro V5\sdk/vexv5\libv5rt.a(vex_brain.cpp.obj)
 .ARM.attributes
                0x03804df0       0x35 C:\Program Files (x86)\VEX Robotics\VEXcode Pro V5\sdk/vexv5\libv5rt.a(vex_competition.cpp.obj)
 .ARM.attributes
                0x03804e25       0x35 C:\Program Files (x86)\VEX Robotics\VEXcode Pro V5\sdk/vexv5\libv5rt.a(vex_triport.cpp.obj)
 .ARM.attributes
                0x03804e5a       0x35 C:\Program Files (x86)\VEX Robotics\VEXcode Pro V5\sdk/vexv5\libv5rt.a(vex_color.cpp.obj)
 .ARM.attributes
                0x03804e8f       0x35 C:\Program Files (x86)\VEX Robotics\VEXcode Pro V5\sdk/vexv5\libv5rt.a(vex_timer.cpp.obj)
 .ARM.attributes
                0x03804ec4       0x35 C:\Program Files (x86)\VEX Robotics\VEXcode Pro V5\sdk/vexv5\libv5rt.a(v5_apiuser.c.obj)
 .ARM.attributes
                0x03804ef9       0x35 C:\Program Files (x86)\VEX Robotics\VEXcode Pro V5\sdk/vexv5\libv5rt.a(vex_device.cpp.obj)
 .ARM.attributes
                0x03804f2e       0x2b C:\Program Files (x86)\VEX Robotics\VEXcode Pro V5\sdk/vexv5/gcc/libs\libc.a(lib_a-aeabi_memclr.o)
 .ARM.attributes
                0x03804f59       0x2b C:\Program Files (x86)\VEX Robotics\VEXcode Pro V5\sdk/vexv5/gcc/libs\libc.a(lib_a-aeabi_memcpy.o)
 .ARM.attributes
                0x03804f84       0x19 C:\Program Files (x86)\VEX Robotics\VEXcode Pro V5\sdk/vexv5/gcc/libs\libc.a(lib_a-aeabi_memset-soft.o)
 .ARM.attributes
                0x03804f9d       0x2b C:\Program Files (x86)\VEX Robotics\VEXcode Pro V5\sdk/vexv5/gcc/libs\libc.a(lib_a-fini.o)
 .ARM.attributes
                0x03804fc8       0x2b C:\Program Files (x86)\VEX Robotics\VEXcode Pro V5\sdk/vexv5/gcc/libs\libc.a(lib_a-impure.o)
 .ARM.attributes
                0x03804ff3       0x2b C:\Program Files (x86)\VEX Robotics\VEXcode Pro V5\sdk/vexv5/gcc/libs\libc.a(lib_a-init.o)
 .ARM.attributes
                0x0380501e       0x2b C:\Program Files (x86)\VEX Robotics\VEXcode Pro V5\sdk/vexv5/gcc/libs\libc.a(lib_a-memcpy.o)
                0x03805049                __ARM.attributes_end = .

.sdata          0x03804930        0x0
                0x03804930                __sdata_start = .
 *(.sdata)
 *(.sdata.*)
 *(.gnu.linkonce.s.*)
                0x03804930                __sdata_end = .

.sbss           0x03804930        0x0
                0x03804930                __sbss_start = .
 *(.sbss)
 *(.sbss.*)
 *(.gnu.linkonce.sb.*)
                0x03804930                __sbss_end = .

.tdata          0x03804930        0x0
                0x03804930                __tdata_start = .
 *(.tdata)
 *(.tdata.*)
 *(.gnu.linkonce.td.*)
                0x03804930                __tdata_end = .

.tbss           0x03804930        0x0
                0x03804930                __tbss_start = .
 *(.tbss)
 *(.tbss.*)
 *(.gnu.linkonce.tb.*)
                0x03804930                __tbss_end = .

.bss            0x03804930     0x445c
                0x03804930                __bss_start = .
 *(.bss)
 *(.bss.*)
 .bss._ZZ10getBoxDataPbPiS0_S0_PfS1_S1_E8localMap
                0x03804930      0x988 build/src/JetsonData.o
 .bss.jetson_comms
                0x038052b8     0x19c0 build/src/main.o
                0x038052b8                jetson_comms
 .bss._ZL10sLeftRight
                0x03806c78        0x4 build/src/dashboard.o
 .bss._ZZL15dashboardJetsoniiiiE9last_data
                0x03806c7c        0x4 build/src/dashboard.o
 .bss._ZZL15dashboardJetsoniiiiE12last_packets
                0x03806c80        0x4 build/src/dashboard.o
 .bss._ZZL15dashboardJetsoniiiiE10total_data
                0x03806c84        0x4 build/src/dashboard.o
 .bss._ZZL15dashboardJetsoniiiiE13total_packets
                0x03806c88        0x4 build/src/dashboard.o
 .bss._ZZL15dashboardJetsoniiiiE11update_time
                0x03806c8c        0x4 build/src/dashboard.o
 .bss._ZZL15dashboardJetsoniiiiE9local_map
                0x03806c90      0x988 build/src/dashboard.o
 .bss._ZZL16dashboardVexlinkiiiiE9local_map
                0x03807618      0x988 build/src/dashboard.o
 .bss.Brain     0x03807fa0      0x2bc build/src/robot-config.o
                0x03807fa0                Brain
 .bss.BumperC   0x0380825c       0x20 build/src/robot-config.o
                0x0380825c                BumperC
 .bss.LimitSwitchD
                0x0380827c       0x20 build/src/robot-config.o
                0x0380827c                LimitSwitchD
 .bss._ZL10sCalcCrc32
                0x0380829c        0x4 build/src/ai_jetson.o
 .bss._ZL13sPayloadCrc32
                0x038082a0        0x4 build/src/ai_jetson.o
 .bss._ZN2ai6jetson12_crc32_tableE
                0x038082a4      0x400 build/src/ai_jetson.o
                0x038082a4                ai::jetson::_crc32_table
 .bss._ZN3CpmL19sLimitSwitchPressedE
                0x038086a4        0x1 build/src/MysteryGang/CommonPartMethods.o
 .bss._ZN3CpmL20sBumperSwitchPressedE
                0x038086a5        0x1 build/src/MysteryGang/CommonPartMethods.o
 *fill*         0x038086a6        0x2 
 .bss._ZL10sCurDepthI
                0x038086a8        0x4 build/src/MysteryGang/IsolationMode.o
 .bss._ZZN13IsolationMode14setWheelSpeedsEvE16sIsTargetInRange
                0x038086ac        0x1 build/src/MysteryGang/IsolationMode.o
 .bss._ZL10sHasTarget
                0x038086ad        0x1 build/src/MysteryGang/IsolationMode.o
 .bss._ZL11sIsTracking
                0x038086ae        0x1 build/src/MysteryGang/IsolationMode.o
 *fill*         0x038086af        0x1 
 .bss._ZL5sCurX
                0x038086b0        0x4 build/src/MysteryGang/IsolationMode.o
 .bss._ZL15sLeftMotorSpeed
                0x038086b4        0x4 build/src/MysteryGang/IsolationMode.o
 .bss._ZL16sRightMotorSpeed
                0x038086b8        0x4 build/src/MysteryGang/IsolationMode.o
 .bss._ZL11sCurClassId
                0x038086bc        0x4 build/src/MysteryGang/IsolationMode.o
 .bss._ZL5sCurY
                0x038086c0        0x4 build/src/MysteryGang/IsolationMode.o
 .bss._ZL10sCurWidthI
                0x038086c4        0x4 build/src/MysteryGang/IsolationMode.o
 .bss._ZL11sCurHeightI
                0x038086c8        0x4 build/src/MysteryGang/IsolationMode.o
 .bss._ZL16sIsTaskSuspended
                0x038086cc        0x1 build/src/MysteryGang/IsolationMode.o
 *fill*         0x038086cd        0x3 
 .bss.hwBrain   0x038086d0      0x2bc build/src/MysteryGang/RobotConfig.o
                0x038086d0                hwBrain
 .bss.hwCompetition
                0x0380898c       0x28 build/src/MysteryGang/RobotConfig.o
                0x0380898c                hwCompetition
 .bss.hwController
                0x038089b4      0x1e0 build/src/MysteryGang/RobotConfig.o
                0x038089b4                hwController
 .bss.hwEncoderPusher
                0x03808b94       0x1c build/src/MysteryGang/RobotConfig.o
                0x03808b94                hwEncoderPusher
 .bss.hwEncoderWheels
                0x03808bb0       0x1c build/src/MysteryGang/RobotConfig.o
                0x03808bb0                hwEncoderWheels
 .bss.hwEncoderGh
                0x03808bcc       0x1c build/src/MysteryGang/RobotConfig.o
                0x03808bcc                hwEncoderGh
 .bss.hwMotorWheelFrontLeft
                0x03808be8       0x24 build/src/MysteryGang/RobotConfig.o
                0x03808be8                hwMotorWheelFrontLeft
 .bss.hwMotorWheelFrontRight
                0x03808c0c       0x24 build/src/MysteryGang/RobotConfig.o
                0x03808c0c                hwMotorWheelFrontRight
 .bss.hwMotorWheelBackLeft
                0x03808c30       0x24 build/src/MysteryGang/RobotConfig.o
                0x03808c30                hwMotorWheelBackLeft
 .bss.hwMotorWheelBackRight
                0x03808c54       0x24 build/src/MysteryGang/RobotConfig.o
                0x03808c54                hwMotorWheelBackRight
 .bss.hwMotorIntakeLeft
                0x03808c78       0x24 build/src/MysteryGang/RobotConfig.o
                0x03808c78                hwMotorIntakeLeft
 .bss.hwMotorIntakeRight
                0x03808c9c       0x24 build/src/MysteryGang/RobotConfig.o
                0x03808c9c                hwMotorIntakeRight
 .bss.hwMotorIntakeLifter
                0x03808cc0       0x24 build/src/MysteryGang/RobotConfig.o
                0x03808cc0                hwMotorIntakeLifter
 .bss.hwMotorPusher
                0x03808ce4       0x24 build/src/MysteryGang/RobotConfig.o
                0x03808ce4                hwMotorPusher
 .bss.__dso_handle
                0x03808d08        0x4 C:\Program Files (x86)\VEX Robotics\VEXcode Pro V5\sdk/vexv5\libv5rt.a(v5_startup.c.obj)
                0x03808d08                __dso_handle
 .bss._ZN3vex4task8_labelIdE
                0x03808d0c        0x4 C:\Program Files (x86)\VEX Robotics\VEXcode Pro V5\sdk/vexv5\libv5rt.a(vex_task.cpp.obj)
                0x03808d0c                vex::task::_labelId
 .bss._ZN3vex6thread8_labelIdE
                0x03808d10        0x4 C:\Program Files (x86)\VEX Robotics\VEXcode Pro V5\sdk/vexv5\libv5rt.a(vex_thread.cpp.obj)
                0x03808d10                vex::thread::_labelId
 .bss._ZN3vex11competition22bStopTasksBetweenModesE
                0x03808d14        0x1 C:\Program Files (x86)\VEX Robotics\VEXcode Pro V5\sdk/vexv5\libv5rt.a(vex_competition.cpp.obj)
                0x03808d14                vex::competition::bStopTasksBetweenModes
 .bss._ZN3vex11competition15_driver_pendingE
                0x03808d15        0x1 C:\Program Files (x86)\VEX Robotics\VEXcode Pro V5\sdk/vexv5\libv5rt.a(vex_competition.cpp.obj)
                0x03808d15                vex::competition::_driver_pending
 .bss._ZN3vex11competition14_auton_pendingE
                0x03808d16        0x1 C:\Program Files (x86)\VEX Robotics\VEXcode Pro V5\sdk/vexv5\libv5rt.a(vex_competition.cpp.obj)
                0x03808d16                vex::competition::_auton_pending
 *fill*         0x03808d17        0x1 
 .bss._ZN3vex11competition23_drivercontrol_callbackE
                0x03808d18        0x4 C:\Program Files (x86)\VEX Robotics\VEXcode Pro V5\sdk/vexv5\libv5rt.a(vex_competition.cpp.obj)
                0x03808d18                vex::competition::_drivercontrol_callback
 .bss._ZN3vex11competition20_autonomous_callbackE
                0x03808d1c        0x4 C:\Program Files (x86)\VEX Robotics\VEXcode Pro V5\sdk/vexv5\libv5rt.a(vex_competition.cpp.obj)
                0x03808d1c                vex::competition::_autonomous_callback
 .bss._ZN3vex11competition25bStopAllTasksBetweenModesE
                0x03808d20        0x1 C:\Program Files (x86)\VEX Robotics\VEXcode Pro V5\sdk/vexv5\libv5rt.a(vex_competition.cpp.obj)
                0x03808d20                vex::competition::bStopAllTasksBetweenModes
 .bss._ZStL8__ioinit
                0x03808d21        0x1 C:\Program Files (x86)\VEX Robotics\VEXcode Pro V5\sdk/vexv5\libv5rt.a(vex_triport.cpp.obj)
 *fill*         0x03808d22        0x2 
 .bss._ZN3vex5color6orangeE
                0x03808d24        0x8 C:\Program Files (x86)\VEX Robotics\VEXcode Pro V5\sdk/vexv5\libv5rt.a(vex_color.cpp.obj)
                0x03808d24                vex::color::orange
 .bss._ZN3vex5color5blackE
                0x03808d2c        0x8 C:\Program Files (x86)\VEX Robotics\VEXcode Pro V5\sdk/vexv5\libv5rt.a(vex_color.cpp.obj)
                0x03808d2c                vex::color::black
 .bss._ZN3vex5color6yellowE
                0x03808d34        0x8 C:\Program Files (x86)\VEX Robotics\VEXcode Pro V5\sdk/vexv5\libv5rt.a(vex_color.cpp.obj)
                0x03808d34                vex::color::yellow
 .bss._ZN3vex5color5greenE
                0x03808d3c        0x8 C:\Program Files (x86)\VEX Robotics\VEXcode Pro V5\sdk/vexv5\libv5rt.a(vex_color.cpp.obj)
                0x03808d3c                vex::color::green
 .bss._ZN3vex5color6purpleE
                0x03808d44        0x8 C:\Program Files (x86)\VEX Robotics\VEXcode Pro V5\sdk/vexv5\libv5rt.a(vex_color.cpp.obj)
                0x03808d44                vex::color::purple
 .bss._ZN3vex5color4cyanE
                0x03808d4c        0x8 C:\Program Files (x86)\VEX Robotics\VEXcode Pro V5\sdk/vexv5\libv5rt.a(vex_color.cpp.obj)
                0x03808d4c                vex::color::cyan
 .bss._ZN3vex5color4blueE
                0x03808d54        0x8 C:\Program Files (x86)\VEX Robotics\VEXcode Pro V5\sdk/vexv5\libv5rt.a(vex_color.cpp.obj)
                0x03808d54                vex::color::blue
 .bss._ZN3vex5color3redE
                0x03808d5c        0x8 C:\Program Files (x86)\VEX Robotics\VEXcode Pro V5\sdk/vexv5\libv5rt.a(vex_color.cpp.obj)
                0x03808d5c                vex::color::red
 .bss._ZN3vex5color11transparentE
                0x03808d64        0x8 C:\Program Files (x86)\VEX Robotics\VEXcode Pro V5\sdk/vexv5\libv5rt.a(vex_color.cpp.obj)
                0x03808d64                vex::color::transparent
 .bss._ZN3vex5color5whiteE
                0x03808d6c        0x8 C:\Program Files (x86)\VEX Robotics\VEXcode Pro V5\sdk/vexv5\libv5rt.a(vex_color.cpp.obj)
                0x03808d6c                vex::color::white
 *(.gnu.linkonce.b.*)
 *(COMMON)
 COMMON         0x03808d74       0x18 C:\Program Files (x86)\VEX Robotics\VEXcode Pro V5\sdk/vexv5\libv5rt.a(v5_startup.c.obj)
                0x03808d78                __vex_critical_section
                0x03808d8c                __bss_end = .
                0x03804930                _SDA_BASE_ = (__sdata_start + ((__sbss_end - __sdata_start) / 0x2))
                0x038044bc                _SDA2_BASE_ = (__sdata2_start + ((__sbss2_end - __sdata2_start) / 0x2))

.heap           0x03808d8c   0x100004
                0x03808d90                . = ALIGN (0x10)
 *fill*         0x03808d8c        0x4 
                0x03808d90                _heap = .
                0x03808d90                HeapBase = .
                0x03808d90                _heap_start = .
                0x03908d90                . = (. + _HEAP_SIZE)
 *fill*         0x03808d90   0x100000 
                0x03908d90                _heap_end = .
                0x03908d90                HeapLimit = .

.stack          0x03908d90     0x3800
                0x03908d90                . = ALIGN (0x10)
                0x03908d90                _stack_end = .
                0x0390ad90                . = (. + _STACK_SIZE)
 *fill*         0x03908d90     0x2000 
                0x0390ad90                . = ALIGN (0x10)
                0x0390ad90                _stack = .
                0x0390ad90                __stack = _stack
                0x0390ad90                . = ALIGN (0x10)
                0x0390ad90                _irq_stack_end = .
                0x0390b190                . = (. + _IRQ_STACK_SIZE)
 *fill*         0x0390ad90      0x400 
                0x0390b190                . = ALIGN (0x10)
                0x0390b190                __irq_stack = .
                0x0390b190                _supervisor_stack_end = .
                0x0390b990                . = (. + _SUPERVISOR_STACK_SIZE)
 *fill*         0x0390b190      0x800 
                0x0390b990                . = ALIGN (0x10)
                0x0390b990                __supervisor_stack = .
                0x0390b990                _abort_stack_end = .
                0x0390bd90                . = (. + _ABORT_STACK_SIZE)
 *fill*         0x0390b990      0x400 
                0x0390bd90                . = ALIGN (0x10)
                0x0390bd90                __abort_stack = .
                0x0390bd90                _fiq_stack_end = .
                0x0390c190                . = (. + _FIQ_STACK_SIZE)
 *fill*         0x0390bd90      0x400 
                0x0390c190                . = ALIGN (0x10)
                0x0390c190                __fiq_stack = .
                0x0390c190                _undef_stack_end = .
                0x0390c590                . = (. + _UNDEF_STACK_SIZE)
 *fill*         0x0390c190      0x400 
                0x0390c590                . = ALIGN (0x10)
                0x0390c590                __undef_stack = .
                0x0390c590                _end = .
LOAD C:\Program Files (x86)\VEX Robotics\VEXcode Pro V5\sdk/vexv5/stdlib_0.lib
LOAD build/src/JetsonData.o
LOAD build/src/main.o
LOAD build/src/dashboard.o
LOAD build/src/robot-config.o
LOAD build/src/ai_jetson.o
LOAD build/src/MysteryGang/CommonPartMethods.o
LOAD build/src/MysteryGang/ManualMode.o
LOAD build/src/MysteryGang/InteractiveMode.o
LOAD build/src/MysteryGang/IsolationMode.o